- request: !!python/object:vcr.request.Request
    body: '{}'
    headers: !!python/object/apply:__builtin__.frozenset
    - - !!python/tuple [User-Agent, !!python/unicode balanced-python/1.0.1beta3]
      - !!python/tuple [Content-Length, !!python/unicode 2]
      - !!python/tuple [Content-Type, !!python/unicode application/json]
      - !!python/tuple [Accept-Encoding, 'gzip, deflate, compress']
      - !!python/tuple [accept, !!python/unicode application/vnd.api+json;revision=1.1]
      - !!python/tuple [Authorization, !!python/unicode Basic YWstdGVzdC0yMXZpNG96bXhZNFJQaDVBM085Y3F2cDdBVmNGU0tHVFA6Tm9uZQ==]
    host: api.balancedpayments.com
    method: POST
    path: /api_keys
    port: 443
    protocol: https
  response:
    body: {string: "{\n  \"links\": {},\n  \"api_keys\": [\n    {\n      \"links\":
        {},\n      \"created_at\": \"2014-02-22T04:42:54.630359Z\",\n      \"secret\":
        \"ak-test-1GAbOD5NNd970UyzzUqArxNy4TyLH15Im\",\n      \"href\": \"/api_keys/AK6bIY7WguSVnJ48EgyoLJdK\",\n
        \     \"meta\": {},\n      \"id\": \"AK6bIY7WguSVnJ48EgyoLJdK\"\n    }\n  ]\n}"}
    headers: ["Content-Type: application/json\r\n", "Date: Sat, 22 Feb 2014 04:42:54
        GMT\r\n", "Server: ngx_openresty/1.2.6.3\r\n", "X-Balanced-Guru: OHMcb5528e29b7b11e3b33602a1fe52a36c\r\n",
      "x-balanced-host: balanced-api-02\r\n", "x-balanced-marketplace: TEST-MP7zVkkuMsGEYQ7c2xl58Qqe\r\n",
      "x-balanced-merchant: TEST-MR7dsEuTLyOFVcn7X5mhyEC6\r\n", "x-balanced-revision:
        1.1\r\n", "x-balanced-software-build: f760e54ed83b2df2c9ef3a8dc3b60c5a70831d3f\r\n",
      "X-Midlr-Version: 2\r\n", "x-newrelic-app-data: PxQFWFNXCQYTVVhWAwQDVUYdFhE1AwE2QgNWEVlbQFtcCxYxSBVbDQoZVA4IF0pcXAgEEBhQRw87WlNKEUgAEFUDTAcaFBQCH0UJTwBRB1NXAA5VVVsJBAFXWVQAHRdUSBEUAlBSUVUBUwpbXlwGUwNTW0MdQVUDCEVSPA==\r\n",
      "Content-Length: 290\r\n", "Connection: keep-alive\r\n"]
    status: {code: 201, message: CREATED}
- request: !!python/object:vcr.request.Request
    body: null
    headers: !!python/object/apply:__builtin__.frozenset
    - - !!python/tuple [Authorization, !!python/unicode Basic YWstdGVzdC0xR0FiT0Q1Tk5kOTcwVXl6elVxQXJ4Tnk0VHlMSDE1SW06Tm9uZQ==]
      - !!python/tuple [content-type, !!python/unicode application/json;revision=1.1]
      - !!python/tuple [accept, !!python/unicode application/vnd.api+json;revision=1.1]
      - !!python/tuple [User-Agent, !!python/unicode balanced-python/1.0.1beta3]
      - !!python/tuple [Accept-Encoding, 'gzip, deflate, compress']
    host: api.balancedpayments.com
    method: GET
    path: /marketplaces?limit=25&offset=0
    port: 443
    protocol: https
  response:
    body: {string: "{\n  \"meta\": {\n    \"last\": \"/marketplaces?limit=25&offset=0\",\n
        \   \"next\": null,\n    \"href\": \"/marketplaces?limit=25&offset=0\",\n
        \   \"limit\": 25,\n    \"offset\": 0,\n    \"previous\": null,\n    \"total\":
        1,\n    \"first\": \"/marketplaces?limit=25&offset=0\"\n  },\n  \"marketplaces\":
        [\n    {\n      \"in_escrow\": 46890,\n      \"domain_url\": \"example.com\",\n
        \     \"name\": \"Test Marketplace\",\n      \"links\": {\n        \"owner_customer\":
        \"CU7zXmxLOeFa1wHCrrPTxCJk\"\n      },\n      \"href\": \"/marketplaces/TEST-MP7zVkkuMsGEYQ7c2xl58Qqe\",\n
        \     \"created_at\": \"2014-02-21T21:49:00.457357Z\",\n      \"support_email_address\":
        \"support@example.com\",\n      \"updated_at\": \"2014-02-21T21:49:01.093302Z\",\n
        \     \"support_phone_number\": \"+16505551234\",\n      \"production\": false,\n
        \     \"meta\": {},\n      \"unsettled_fees\": 0,\n      \"id\": \"TEST-MP7zVkkuMsGEYQ7c2xl58Qqe\"\n
        \   }\n  ],\n  \"links\": {\n    \"marketplaces.debits\": \"/debits\",\n    \"marketplaces.reversals\":
        \"/reversals\",\n    \"marketplaces.customers\": \"/customers\",\n    \"marketplaces.credits\":
        \"/credits\",\n    \"marketplaces.cards\": \"/cards\",\n    \"marketplaces.card_holds\":
        \"/card_holds\",\n    \"marketplaces.refunds\": \"/refunds\",\n    \"marketplaces.owner_customer\":
        \"/customers/{marketplaces.owner_customer}\",\n    \"marketplaces.transactions\":
        \"/transactions\",\n    \"marketplaces.bank_accounts\": \"/bank_accounts\",\n
        \   \"marketplaces.callbacks\": \"/callbacks\",\n    \"marketplaces.events\":
        \"/events\"\n  }\n}"}
    headers: ["Content-Type: application/json\r\n", "Date: Sat, 22 Feb 2014 04:42:54
        GMT\r\n", "Server: ngx_openresty/1.2.6.3\r\n", "X-Balanced-Guru: OHMcb8780b29b7b11e3bb5e026ba7f8ec28\r\n",
      "X-Balanced-Host: balanced-api-01\r\n", "X-Balanced-Marketplace: TEST-MP7zVkkuMsGEYQ7c2xl58Qqe\r\n",
      "X-Balanced-Merchant: TEST-MR7dsEuTLyOFVcn7X5mhyEC6\r\n", "X-Balanced-Revision:
        1.1\r\n", "X-Balanced-Software-Build: f760e54ed83b2df2c9ef3a8dc3b60c5a70831d3f\r\n",
      "Content-Length: 1408\r\n", "Connection: keep-alive\r\n"]
    status: {code: 200, message: OK}
- request: !!python/object:vcr.request.Request
    body: '{}'
    headers: !!python/object/apply:__builtin__.frozenset
    - - !!python/tuple [User-Agent, !!python/unicode balanced-python/1.0.1beta3]
      - !!python/tuple [Content-Length, !!python/unicode 2]
      - !!python/tuple [Authorization, !!python/unicode Basic YWstdGVzdC0xR0FiT0Q1Tk5kOTcwVXl6elVxQXJ4Tnk0VHlMSDE1SW06Tm9uZQ==]
      - !!python/tuple [Content-Type, !!python/unicode application/json]
      - !!python/tuple [Accept-Encoding, 'gzip, deflate, compress']
      - !!python/tuple [accept, !!python/unicode application/vnd.api+json;revision=1.1]
    host: api.balancedpayments.com
    method: POST
    path: /customers
    port: 443
    protocol: https
  response:
    body: {string: "{\n  \"customers\": [\n    {\n      \"name\": null,\n      \"links\":
        {\n        \"source\": null,\n        \"destination\": null\n      },\n      \"updated_at\":
        \"2014-02-22T04:42:55.324976Z\",\n      \"created_at\": \"2014-02-22T04:42:55.087679Z\",\n
        \     \"dob_month\": null,\n      \"id\": \"CU6cfbTEGoF1WEJd2vAEOav0\",\n
        \     \"phone\": null,\n      \"href\": \"/customers/CU6cfbTEGoF1WEJd2vAEOav0\",\n
        \     \"merchant_status\": \"no-match\",\n      \"meta\": {},\n      \"dob_year\":
        null,\n      \"address\": {\n        \"city\": null,\n        \"line2\": null,\n
        \       \"line1\": null,\n        \"state\": null,\n        \"postal_code\":
        null,\n        \"country_code\": null\n      },\n      \"business_name\":
        null,\n      \"ssn_last4\": null,\n      \"email\": null,\n      \"ein\":
        null\n    }\n  ],\n  \"links\": {\n    \"customers.source\": \"/resources/{customers.source}\",\n
        \   \"customers.card_holds\": \"/customers/{customers.id}/card_holds\",\n
        \   \"customers.bank_accounts\": \"/customers/{customers.id}/bank_accounts\",\n
        \   \"customers.debits\": \"/customers/{customers.id}/debits\",\n    \"customers.destination\":
        \"/resources/{customers.destination}\",\n    \"customers.external_accounts\":
        \"/customers/{customers.id}/external_accounts\",\n    \"customers.cards\":
        \"/customers/{customers.id}/cards\",\n    \"customers.transactions\": \"/customers/{customers.id}/transactions\",\n
        \   \"customers.refunds\": \"/customers/{customers.id}/refunds\",\n    \"customers.reversals\":
        \"/customers/{customers.id}/reversals\",\n    \"customers.orders\": \"/customers/{customers.id}/orders\",\n
        \   \"customers.credits\": \"/customers/{customers.id}/credits\"\n  }\n}"}
    headers: ["Content-Type: application/json\r\n", "Date: Sat, 22 Feb 2014 04:42:55
        GMT\r\n", "Server: ngx_openresty/1.2.6.3\r\n", "X-Balanced-Guru: OHMcb989bfe9b7b11e3ba1302a1fe53e539\r\n",
      "x-balanced-host: balanced-api-05\r\n", "x-balanced-marketplace: TEST-MP7zVkkuMsGEYQ7c2xl58Qqe\r\n",
      "x-balanced-merchant: TEST-MR7dsEuTLyOFVcn7X5mhyEC6\r\n", "x-balanced-revision:
        1.1\r\n", "x-balanced-software-build: f760e54ed83b2df2c9ef3a8dc3b60c5a70831d3f\r\n",
      "X-Midlr-Version: 2\r\n", "x-newrelic-app-data: PxQFWFNXCQYTVVhWAwQDVUYdFhE1AwE2QgNWEVlbQFtcCxYxSBVbDQoZVA4IF0pcXAgEEBhSQhUQXltWEBVNAUIHWRZdGhgSA0kZUR9VBFJTBg5RXlYMBQRQVlUCBRtGVh0WEQBVVlsGB10DCw4BBFZTClgTTRMEBVpEBDs=\r\n",
      "Content-Length: 1529\r\n", "Connection: keep-alive\r\n"]
    status: {code: 201, message: CREATED}
- request: !!python/object:vcr.request.Request
    body: '{"expiration_month": 10, "meta": {"region": "Confusion", "city_town": "",
      "address_2": "Box 2"}, "number": "4111111111111111", "expiration_year": 2020,
      "address": {"state": "Confusion", "postal_code": "90210", "line1": "123 Main
      Street"}}'
    headers: !!python/object/apply:__builtin__.frozenset
    - - !!python/tuple [User-Agent, !!python/unicode balanced-python/1.0.1beta3]
      - !!python/tuple [Content-Length, !!python/unicode 238]
      - !!python/tuple [Authorization, !!python/unicode Basic YWstdGVzdC0xR0FiT0Q1Tk5kOTcwVXl6elVxQXJ4Tnk0VHlMSDE1SW06Tm9uZQ==]
      - !!python/tuple [Content-Type, !!python/unicode application/json]
      - !!python/tuple [Accept-Encoding, 'gzip, deflate, compress']
      - !!python/tuple [accept, !!python/unicode application/vnd.api+json;revision=1.1]
    host: api.balancedpayments.com
    method: POST
    path: /cards
    port: 443
    protocol: https
  response:
    body: {string: "{\n  \"cards\": [\n    {\n      \"cvv_match\": null,\n      \"links\":
        {\n        \"customer\": null\n      },\n      \"name\": null,\n      \"expiration_year\":
        2020,\n      \"avs_street_match\": \"yes\",\n      \"is_verified\": true,\n
        \     \"created_at\": \"2014-02-22T04:42:56.250137Z\",\n      \"cvv_result\":
        null,\n      \"brand\": \"Visa\",\n      \"number\": \"xxxxxxxxxxxx1111\",\n
        \     \"updated_at\": \"2014-02-22T04:42:56.250140Z\",\n      \"id\": \"CC6dxKczHfBMgzKSCPquV3ZY\",\n
        \     \"expiration_month\": 10,\n      \"cvv\": null,\n      \"meta\": {\n
        \       \"region\": \"Confusion\",\n        \"city_town\": \"\",\n        \"address_2\":
        \"Box 2\"\n      },\n      \"href\": \"/cards/CC6dxKczHfBMgzKSCPquV3ZY\",\n
        \     \"address\": {\n        \"city\": \"Balo Alto\",\n        \"line2\":
        null,\n        \"line1\": \"123 Main Street\",\n        \"state\": null,\n
        \       \"postal_code\": \"90210\",\n        \"country_code\": null\n      },\n
        \     \"fingerprint\": \"8c7f0423365af88c3e36cf02746eca64fdcf36ddc2e1f398c7ec9f3ffd05a267\",\n
        \     \"avs_postal_match\": \"no\",\n      \"avs_result\": \"Street address
        and postal code do not match.\"\n    }\n  ],\n  \"links\": {\n    \"cards.card_holds\":
        \"/cards/{cards.id}/card_holds\",\n    \"cards.customer\": \"/customers/{cards.customer}\",\n
        \   \"cards.debits\": \"/cards/{cards.id}/debits\"\n  }\n}"}
    headers: ["access-control-allow-headers: Content-Type\r\n", "access-control-allow-methods:
        POST, OPTIONS\r\n", "access-control-allow-origin: *\r\n", "Content-Type: application/json\r\n",
      "Date: Sat, 22 Feb 2014 04:42:56 GMT\r\n", "Server: ngx_openresty/1.2.6.3\r\n",
      "X-Balanced-Guru: OHMcbf5547a9b7b11e39a7302a1fe53e539\r\n", "x-balanced-host:
        balanced-api-04\r\n", "x-balanced-marketplace: TEST-MP7zVkkuMsGEYQ7c2xl58Qqe\r\n",
      "x-balanced-merchant: TEST-MR7dsEuTLyOFVcn7X5mhyEC6\r\n", "x-balanced-revision:
        1.1\r\n", "x-balanced-software-build: f760e54ed83b2df2c9ef3a8dc3b60c5a70831d3f\r\n",
      "X-Midlr-Version: 2\r\n", "x-newrelic-app-data: PxQFWFNXCQYTVVhWAwQDVUYdFhE1AwE2QgNWEVlbQFtcCxYxSBVbDQoZVA4IF0pcXAgEEBhSVhQAQhhQEAMCFlVAFEIIFBQCHVMBUghWB1JWAQFSVVUOBBxEUlUPHRdEVFdQAgZTB1UDBA4DWVkHVxFJGQdQDUAHOQ==\r\n",
      "Content-Length: 1216\r\n", "Connection: keep-alive\r\n"]
    status: {code: 201, message: CREATED}
- request: !!python/object:vcr.request.Request
    body: '{"routing_number": "121042882", "account_number": "112233a", "name": "Homer
      Jay"}'
    headers: !!python/object/apply:__builtin__.frozenset
    - - !!python/tuple [User-Agent, !!python/unicode balanced-python/1.0.1beta3]
      - !!python/tuple [Authorization, !!python/unicode Basic YWstdGVzdC0xR0FiT0Q1Tk5kOTcwVXl6elVxQXJ4Tnk0VHlMSDE1SW06Tm9uZQ==]
      - !!python/tuple [Content-Type, !!python/unicode application/json]
      - !!python/tuple [Accept-Encoding, 'gzip, deflate, compress']
      - !!python/tuple [accept, !!python/unicode application/vnd.api+json;revision=1.1]
      - !!python/tuple [Content-Length, !!python/unicode 81]
    host: api.balancedpayments.com
    method: POST
    path: /bank_accounts
    port: 443
    protocol: https
  response:
    body: {string: "{\n  \"bank_accounts\": [\n    {\n      \"routing_number\": \"121042882\",\n
        \     \"bank_name\": \"WELLS FARGO BANK NA\",\n      \"account_type\": \"checking\",\n
        \     \"name\": \"Homer Jay\",\n      \"links\": {\n        \"customer\":
        null,\n        \"bank_account_verification\": null\n      },\n      \"can_credit\":
        true,\n      \"created_at\": \"2014-02-22T04:42:56.928704Z\",\n      \"fingerprint\":
        \"dac6514d9dd3a1cd7ac925d5749e0308c2c65fa27c506aefb0c9b21611ff9969\",\n      \"updated_at\":
        \"2014-02-22T04:42:56.928707Z\",\n      \"href\": \"/bank_accounts/BA6ejc7sLdW7A7GZVADwTB8W\",\n
        \     \"meta\": {},\n      \"account_number\": \"xxx233a\",\n      \"address\":
        {\n        \"city\": null,\n        \"line2\": null,\n        \"line1\": null,\n
        \       \"state\": null,\n        \"postal_code\": null,\n        \"country_code\":
        null\n      },\n      \"can_debit\": false,\n      \"id\": \"BA6ejc7sLdW7A7GZVADwTB8W\"\n
        \   }\n  ],\n  \"links\": {\n    \"bank_accounts.credits\": \"/bank_accounts/{bank_accounts.id}/credits\",\n
        \   \"bank_accounts.bank_account_verifications\": \"/bank_accounts/{bank_accounts.id}/verifications\",\n
        \   \"bank_accounts.customer\": \"/customers/{bank_accounts.customer}\",\n
        \   \"bank_accounts.debits\": \"/bank_accounts/{bank_accounts.id}/debits\",\n
        \   \"bank_accounts.bank_account_verification\": \"/verifications/{bank_accounts.bank_account_verification}\"\n
        \ }\n}"}
    headers: ["access-control-allow-headers: Content-Type\r\n", "access-control-allow-methods:
        POST, OPTIONS\r\n", "access-control-allow-origin: *\r\n", "Content-Type: application/json\r\n",
      "Date: Sat, 22 Feb 2014 04:42:57 GMT\r\n", "Server: ngx_openresty/1.2.6.3\r\n",
      "X-Balanced-Guru: OHMcc78e36c9b7b11e38f3a02a1fe53e539\r\n", "x-balanced-host:
        balanced-api-04\r\n", "x-balanced-marketplace: TEST-MP7zVkkuMsGEYQ7c2xl58Qqe\r\n",
      "x-balanced-merchant: TEST-MR7dsEuTLyOFVcn7X5mhyEC6\r\n", "x-balanced-revision:
        1.1\r\n", "x-balanced-software-build: f760e54ed83b2df2c9ef3a8dc3b60c5a70831d3f\r\n",
      "X-Midlr-Version: 2\r\n", "x-newrelic-app-data: PxQFWFNXCQYTVVhWAwQDVUYdFhE1AwE2QgNWEVlbQFtcCxYxSBVbDQoZVA4IF0pcXAgEEBhTVggPbldQAQkWDEQRFgFKXVVGVkcVQQFNE1JKAwJYXlYICgNVUFQABwdUUR0WAlpeT0ISVgwGAQoNVgYAAVEFBAdQBRQbQQACVEBVOQ==\r\n",
      "Content-Length: 1281\r\n", "Connection: keep-alive\r\n"]
    status: {code: 201, message: CREATED}
- request: !!python/object:vcr.request.Request
    body: '{}'
    headers: !!python/object/apply:__builtin__.frozenset
    - - !!python/tuple [User-Agent, !!python/unicode balanced-python/1.0.1beta3]
      - !!python/tuple [Content-Length, !!python/unicode 2]
      - !!python/tuple [Authorization, !!python/unicode Basic YWstdGVzdC0xR0FiT0Q1Tk5kOTcwVXl6elVxQXJ4Tnk0VHlMSDE1SW06Tm9uZQ==]
      - !!python/tuple [Content-Type, !!python/unicode application/json]
      - !!python/tuple [Accept-Encoding, 'gzip, deflate, compress']
      - !!python/tuple [accept, !!python/unicode application/vnd.api+json;revision=1.1]
    host: api.balancedpayments.com
    method: POST
    path: /customers
    port: 443
    protocol: https
  response:
    body: {string: "{\n  \"customers\": [\n    {\n      \"name\": null,\n      \"links\":
        {\n        \"source\": null,\n        \"destination\": null\n      },\n      \"updated_at\":
        \"2014-02-22T04:42:57.488466Z\",\n      \"created_at\": \"2014-02-22T04:42:57.262241Z\",\n
        \     \"dob_month\": null,\n      \"id\": \"CU6eGlUyXEMFo6MkyMnxfUZh\",\n
        \     \"phone\": null,\n      \"href\": \"/customers/CU6eGlUyXEMFo6MkyMnxfUZh\",\n
        \     \"merchant_status\": \"no-match\",\n      \"meta\": {},\n      \"dob_year\":
        null,\n      \"address\": {\n        \"city\": null,\n        \"line2\": null,\n
        \       \"line1\": null,\n        \"state\": null,\n        \"postal_code\":
        null,\n        \"country_code\": null\n      },\n      \"business_name\":
        null,\n      \"ssn_last4\": null,\n      \"email\": null,\n      \"ein\":
        null\n    }\n  ],\n  \"links\": {\n    \"customers.source\": \"/resources/{customers.source}\",\n
        \   \"customers.card_holds\": \"/customers/{customers.id}/card_holds\",\n
        \   \"customers.bank_accounts\": \"/customers/{customers.id}/bank_accounts\",\n
        \   \"customers.debits\": \"/customers/{customers.id}/debits\",\n    \"customers.destination\":
        \"/resources/{customers.destination}\",\n    \"customers.external_accounts\":
        \"/customers/{customers.id}/external_accounts\",\n    \"customers.cards\":
        \"/customers/{customers.id}/cards\",\n    \"customers.transactions\": \"/customers/{customers.id}/transactions\",\n
        \   \"customers.refunds\": \"/customers/{customers.id}/refunds\",\n    \"customers.reversals\":
        \"/customers/{customers.id}/reversals\",\n    \"customers.orders\": \"/customers/{customers.id}/orders\",\n
        \   \"customers.credits\": \"/customers/{customers.id}/credits\"\n  }\n}"}
    headers: ["Content-Type: application/json\r\n", "Date: Sat, 22 Feb 2014 04:42:57
        GMT\r\n", "Server: ngx_openresty/1.2.6.3\r\n", "X-Balanced-Guru: OHMcce441529b7b11e38f7f02a1fe53e539\r\n",
      "x-balanced-host: balanced-api-06\r\n", "x-balanced-marketplace: TEST-MP7zVkkuMsGEYQ7c2xl58Qqe\r\n",
      "x-balanced-merchant: TEST-MR7dsEuTLyOFVcn7X5mhyEC6\r\n", "x-balanced-revision:
        1.1\r\n", "x-balanced-software-build: f760e54ed83b2df2c9ef3a8dc3b60c5a70831d3f\r\n",
      "X-Midlr-Version: 2\r\n", "x-newrelic-app-data: PxQFWFNXCQYTVVhWAwQDVUYdFhE1AwE2QgNWEVlbQFtcCxYxSBVbDQoZVA4IF0pcXAgEEBhSQhUQXltWEBVNAUIHWRZdGhgSA0kZUR9VA1pXBwFQVVYMAwZQWFYGBRtGVh0WEQRSVAZWUl5WDAwMClJUDgATTRMEBVpEBDs=\r\n",
      "Content-Length: 1529\r\n", "Connection: keep-alive\r\n"]
    status: {code: 201, message: CREATED}
- request: !!python/object:vcr.request.Request
    body: '{"expiration_month": 10, "meta": {"region": "Confusion", "city_town": "",
      "address_2": "Box 2"}, "number": "4111111111111111", "expiration_year": 2020,
      "address": {"state": "Confusion", "postal_code": "90210", "line1": "123 Main
      Street"}}'
    headers: !!python/object/apply:__builtin__.frozenset
    - - !!python/tuple [User-Agent, !!python/unicode balanced-python/1.0.1beta3]
      - !!python/tuple [Content-Length, !!python/unicode 238]
      - !!python/tuple [Authorization, !!python/unicode Basic YWstdGVzdC0xR0FiT0Q1Tk5kOTcwVXl6elVxQXJ4Tnk0VHlMSDE1SW06Tm9uZQ==]
      - !!python/tuple [Content-Type, !!python/unicode application/json]
      - !!python/tuple [Accept-Encoding, 'gzip, deflate, compress']
      - !!python/tuple [accept, !!python/unicode application/vnd.api+json;revision=1.1]
    host: api.balancedpayments.com
    method: POST
    path: /cards
    port: 443
    protocol: https
  response:
    body: {string: "{\n  \"cards\": [\n    {\n      \"cvv_match\": null,\n      \"links\":
        {\n        \"customer\": null\n      },\n      \"name\": null,\n      \"expiration_year\":
        2020,\n      \"avs_street_match\": \"yes\",\n      \"is_verified\": true,\n
        \     \"created_at\": \"2014-02-22T04:42:58.423266Z\",\n      \"cvv_result\":
        null,\n      \"brand\": \"Visa\",\n      \"number\": \"xxxxxxxxxxxx1111\",\n
        \     \"updated_at\": \"2014-02-22T04:42:58.423269Z\",\n      \"id\": \"CC6fZ1AffBGzDcm9g6DbIRt6\",\n
        \     \"expiration_month\": 10,\n      \"cvv\": null,\n      \"meta\": {\n
        \       \"region\": \"Confusion\",\n        \"city_town\": \"\",\n        \"address_2\":
        \"Box 2\"\n      },\n      \"href\": \"/cards/CC6fZ1AffBGzDcm9g6DbIRt6\",\n
        \     \"address\": {\n        \"city\": \"Balo Alto\",\n        \"line2\":
        null,\n        \"line1\": \"123 Main Street\",\n        \"state\": null,\n
        \       \"postal_code\": \"90210\",\n        \"country_code\": null\n      },\n
        \     \"fingerprint\": \"8c7f0423365af88c3e36cf02746eca64fdcf36ddc2e1f398c7ec9f3ffd05a267\",\n
        \     \"avs_postal_match\": \"no\",\n      \"avs_result\": \"Street address
        and postal code do not match.\"\n    }\n  ],\n  \"links\": {\n    \"cards.card_holds\":
        \"/cards/{cards.id}/card_holds\",\n    \"cards.customer\": \"/customers/{cards.customer}\",\n
        \   \"cards.debits\": \"/cards/{cards.id}/debits\"\n  }\n}"}
    headers: ["access-control-allow-headers: Content-Type\r\n", "access-control-allow-methods:
        POST, OPTIONS\r\n", "access-control-allow-origin: *\r\n", "Content-Type: application/json\r\n",
      "Date: Sat, 22 Feb 2014 04:42:58 GMT\r\n", "Server: ngx_openresty/1.2.6.3\r\n",
      "X-Balanced-Guru: OHMcd3410a69b7b11e39a7302a1fe53e539\r\n", "x-balanced-host:
        balanced-api-02\r\n", "x-balanced-marketplace: TEST-MP7zVkkuMsGEYQ7c2xl58Qqe\r\n",
      "x-balanced-merchant: TEST-MR7dsEuTLyOFVcn7X5mhyEC6\r\n", "x-balanced-revision:
        1.1\r\n", "x-balanced-software-build: f760e54ed83b2df2c9ef3a8dc3b60c5a70831d3f\r\n",
      "X-Midlr-Version: 2\r\n", "x-newrelic-app-data: PxQFWFNXCQYTVVhWAwQDVUYdFhE1AwE2QgNWEVlbQFtcCxYxSBVbDQoZVA4IF0pcXAgEEBhSVhQAQhhQEAMCFlVAFEIIFBQCHV0KUQNUBltcAwVXVlMICghIQVEACRtGRgZTBwNfB1VWVQlaAQ4AUwdHFUFXAF8RAWs=\r\n",
      "Content-Length: 1216\r\n", "Connection: keep-alive\r\n"]
    status: {code: 201, message: CREATED}
- request: !!python/object:vcr.request.Request
    body: '{"routing_number": "121042882", "account_number": "112233a", "name": "Homer
      Jay"}'
    headers: !!python/object/apply:__builtin__.frozenset
    - - !!python/tuple [User-Agent, !!python/unicode balanced-python/1.0.1beta3]
      - !!python/tuple [Authorization, !!python/unicode Basic YWstdGVzdC0xR0FiT0Q1Tk5kOTcwVXl6elVxQXJ4Tnk0VHlMSDE1SW06Tm9uZQ==]
      - !!python/tuple [Content-Type, !!python/unicode application/json]
      - !!python/tuple [Accept-Encoding, 'gzip, deflate, compress']
      - !!python/tuple [accept, !!python/unicode application/vnd.api+json;revision=1.1]
      - !!python/tuple [Content-Length, !!python/unicode 81]
    host: api.balancedpayments.com
    method: POST
    path: /bank_accounts
    port: 443
    protocol: https
  response:
    body: {string: "{\n  \"bank_accounts\": [\n    {\n      \"routing_number\": \"121042882\",\n
        \     \"bank_name\": \"WELLS FARGO BANK NA\",\n      \"account_type\": \"checking\",\n
        \     \"name\": \"Homer Jay\",\n      \"links\": {\n        \"customer\":
        null,\n        \"bank_account_verification\": null\n      },\n      \"can_credit\":
        true,\n      \"created_at\": \"2014-02-22T04:42:59.178699Z\",\n      \"fingerprint\":
        \"dac6514d9dd3a1cd7ac925d5749e0308c2c65fa27c506aefb0c9b21611ff9969\",\n      \"updated_at\":
        \"2014-02-22T04:42:59.178703Z\",\n      \"href\": \"/bank_accounts/BA6gQ8Nwn2JnQAOuFXMLbDzW\",\n
        \     \"meta\": {},\n      \"account_number\": \"xxx233a\",\n      \"address\":
        {\n        \"city\": null,\n        \"line2\": null,\n        \"line1\": null,\n
        \       \"state\": null,\n        \"postal_code\": null,\n        \"country_code\":
        null\n      },\n      \"can_debit\": false,\n      \"id\": \"BA6gQ8Nwn2JnQAOuFXMLbDzW\"\n
        \   }\n  ],\n  \"links\": {\n    \"bank_accounts.credits\": \"/bank_accounts/{bank_accounts.id}/credits\",\n
        \   \"bank_accounts.bank_account_verifications\": \"/bank_accounts/{bank_accounts.id}/verifications\",\n
        \   \"bank_accounts.customer\": \"/customers/{bank_accounts.customer}\",\n
        \   \"bank_accounts.debits\": \"/bank_accounts/{bank_accounts.id}/debits\",\n
        \   \"bank_accounts.bank_account_verification\": \"/verifications/{bank_accounts.bank_account_verification}\"\n
        \ }\n}"}
    headers: ["access-control-allow-headers: Content-Type\r\n", "access-control-allow-methods:
        POST, OPTIONS\r\n", "access-control-allow-origin: *\r\n", "Content-Type: application/json\r\n",
      "Date: Sat, 22 Feb 2014 04:42:59 GMT\r\n", "Server: ngx_openresty/1.2.6.3\r\n",
      "X-Balanced-Guru: OHMcdcea4f49b7b11e39a7302a1fe53e539\r\n", "x-balanced-host:
        balanced-api-01\r\n", "x-balanced-marketplace: TEST-MP7zVkkuMsGEYQ7c2xl58Qqe\r\n",
      "x-balanced-merchant: TEST-MR7dsEuTLyOFVcn7X5mhyEC6\r\n", "x-balanced-revision:
        1.1\r\n", "x-balanced-software-build: f760e54ed83b2df2c9ef3a8dc3b60c5a70831d3f\r\n",
      "X-Midlr-Version: 2\r\n", "x-newrelic-app-data: PxQFWFNXCQYTVVhWAwQDVUYdFhE1AwE2QgNWEVlbQFtcCxYxSBVbDQoZVA4IF0pcXAgEEBhTVggPbldQAQkWDEQRFgFKXVVGVkcVQQFNE1JKAwZXVVMICgFSV1UGBgJUXR0WAlpeT0ISVQhUCw8FVFIHWAVQAgpTXRQbQQACVEBVOQ==\r\n",
      "Content-Length: 1281\r\n", "Connection: keep-alive\r\n"]
    status: {code: 201, message: CREATED}
- request: !!python/object:vcr.request.Request
    body: '{}'
    headers: !!python/object/apply:__builtin__.frozenset
    - - !!python/tuple [User-Agent, !!python/unicode balanced-python/1.0.1beta3]
      - !!python/tuple [Content-Length, !!python/unicode 2]
      - !!python/tuple [Authorization, !!python/unicode Basic YWstdGVzdC0xR0FiT0Q1Tk5kOTcwVXl6elVxQXJ4Tnk0VHlMSDE1SW06Tm9uZQ==]
      - !!python/tuple [Content-Type, !!python/unicode application/json]
      - !!python/tuple [Accept-Encoding, 'gzip, deflate, compress']
      - !!python/tuple [accept, !!python/unicode application/vnd.api+json;revision=1.1]
    host: api.balancedpayments.com
    method: POST
    path: /customers
    port: 443
    protocol: https
  response:
    body: {string: "{\n  \"customers\": [\n    {\n      \"name\": null,\n      \"links\":
        {\n        \"source\": null,\n        \"destination\": null\n      },\n      \"updated_at\":
        \"2014-02-22T04:42:59.693287Z\",\n      \"created_at\": \"2014-02-22T04:42:59.441072Z\",\n
        \     \"dob_month\": null,\n      \"id\": \"CU6h8hQQ6BGc6ooK6Oujn0lx\",\n
        \     \"phone\": null,\n      \"href\": \"/customers/CU6h8hQQ6BGc6ooK6Oujn0lx\",\n
        \     \"merchant_status\": \"no-match\",\n      \"meta\": {},\n      \"dob_year\":
        null,\n      \"address\": {\n        \"city\": null,\n        \"line2\": null,\n
        \       \"line1\": null,\n        \"state\": null,\n        \"postal_code\":
        null,\n        \"country_code\": null\n      },\n      \"business_name\":
        null,\n      \"ssn_last4\": null,\n      \"email\": null,\n      \"ein\":
        null\n    }\n  ],\n  \"links\": {\n    \"customers.source\": \"/resources/{customers.source}\",\n
        \   \"customers.card_holds\": \"/customers/{customers.id}/card_holds\",\n
        \   \"customers.bank_accounts\": \"/customers/{customers.id}/bank_accounts\",\n
        \   \"customers.debits\": \"/customers/{customers.id}/debits\",\n    \"customers.destination\":
        \"/resources/{customers.destination}\",\n    \"customers.external_accounts\":
        \"/customers/{customers.id}/external_accounts\",\n    \"customers.cards\":
        \"/customers/{customers.id}/cards\",\n    \"customers.transactions\": \"/customers/{customers.id}/transactions\",\n
        \   \"customers.refunds\": \"/customers/{customers.id}/refunds\",\n    \"customers.reversals\":
        \"/customers/{customers.id}/reversals\",\n    \"customers.orders\": \"/customers/{customers.id}/orders\",\n
        \   \"customers.credits\": \"/customers/{customers.id}/credits\"\n  }\n}"}
    headers: ["Content-Type: application/json\r\n", "Date: Sat, 22 Feb 2014 04:42:59
        GMT\r\n", "Server: ngx_openresty/1.2.6.3\r\n", "X-Balanced-Guru: OHMce33be349b7b11e3a40502a1fe52a36c\r\n",
      "x-balanced-host: balanced-api-06\r\n", "x-balanced-marketplace: TEST-MP7zVkkuMsGEYQ7c2xl58Qqe\r\n",
      "x-balanced-merchant: TEST-MR7dsEuTLyOFVcn7X5mhyEC6\r\n", "x-balanced-revision:
        1.1\r\n", "x-balanced-software-build: f760e54ed83b2df2c9ef3a8dc3b60c5a70831d3f\r\n",
      "X-Midlr-Version: 2\r\n", "x-newrelic-app-data: PxQFWFNXCQYTVVhWAwQDVUYdFhE1AwE2QgNWEVlbQFtcCxYxSBVbDQoZVA4IF0pcXAgEEBhSQhUQXltWEBVNAUIHWRZdGhgSA0kZUR9VAFBWAgJYUFoPBAJXUloPBhtGVh0WEQdeVAMAVw4EDwoECgJdWlATTRMEBVpEBDs=\r\n",
      "Content-Length: 1529\r\n", "Connection: keep-alive\r\n"]
    status: {code: 201, message: CREATED}
- request: !!python/object:vcr.request.Request
    body: '{"expiration_month": 10, "meta": {"region": "Confusion", "city_town": "",
      "address_2": "Box 2"}, "number": "4111111111111111", "expiration_year": 2020,
      "address": {"state": "Confusion", "postal_code": "90210", "line1": "123 Main
      Street"}}'
    headers: !!python/object/apply:__builtin__.frozenset
    - - !!python/tuple [User-Agent, !!python/unicode balanced-python/1.0.1beta3]
      - !!python/tuple [Content-Length, !!python/unicode 238]
      - !!python/tuple [Authorization, !!python/unicode Basic YWstdGVzdC0xR0FiT0Q1Tk5kOTcwVXl6elVxQXJ4Tnk0VHlMSDE1SW06Tm9uZQ==]
      - !!python/tuple [Content-Type, !!python/unicode application/json]
      - !!python/tuple [Accept-Encoding, 'gzip, deflate, compress']
      - !!python/tuple [accept, !!python/unicode application/vnd.api+json;revision=1.1]
    host: api.balancedpayments.com
    method: POST
    path: /cards
    port: 443
    protocol: https
  response:
    body: {string: "{\n  \"cards\": [\n    {\n      \"cvv_match\": null,\n      \"links\":
        {\n        \"customer\": null\n      },\n      \"name\": null,\n      \"expiration_year\":
        2020,\n      \"avs_street_match\": \"yes\",\n      \"is_verified\": true,\n
        \     \"created_at\": \"2014-02-22T04:43:00.469362Z\",\n      \"cvv_result\":
        null,\n      \"brand\": \"Visa\",\n      \"number\": \"xxxxxxxxxxxx1111\",\n
        \     \"updated_at\": \"2014-02-22T04:43:00.469365Z\",\n      \"id\": \"CC6ihUt05tEbzYPPJHdkYbuS\",\n
        \     \"expiration_month\": 10,\n      \"cvv\": null,\n      \"meta\": {\n
        \       \"region\": \"Confusion\",\n        \"city_town\": \"\",\n        \"address_2\":
        \"Box 2\"\n      },\n      \"href\": \"/cards/CC6ihUt05tEbzYPPJHdkYbuS\",\n
        \     \"address\": {\n        \"city\": \"Balo Alto\",\n        \"line2\":
        null,\n        \"line1\": \"123 Main Street\",\n        \"state\": null,\n
        \       \"postal_code\": \"90210\",\n        \"country_code\": null\n      },\n
        \     \"fingerprint\": \"8c7f0423365af88c3e36cf02746eca64fdcf36ddc2e1f398c7ec9f3ffd05a267\",\n
        \     \"avs_postal_match\": \"no\",\n      \"avs_result\": \"Street address
        and postal code do not match.\"\n    }\n  ],\n  \"links\": {\n    \"cards.card_holds\":
        \"/cards/{cards.id}/card_holds\",\n    \"cards.customer\": \"/customers/{cards.customer}\",\n
        \   \"cards.debits\": \"/cards/{cards.id}/debits\"\n  }\n}"}
    headers: ["access-control-allow-headers: Content-Type\r\n", "access-control-allow-methods:
        POST, OPTIONS\r\n", "access-control-allow-origin: *\r\n", "Content-Type: application/json\r\n",
      "Date: Sat, 22 Feb 2014 04:43:00 GMT\r\n", "Server: ngx_openresty/1.2.6.3\r\n",
      "X-Balanced-Guru: OHMce8814fc9b7b11e3992602a1fe52a36c\r\n", "x-balanced-host:
        balanced-api-04\r\n", "x-balanced-marketplace: TEST-MP7zVkkuMsGEYQ7c2xl58Qqe\r\n",
      "x-balanced-merchant: TEST-MR7dsEuTLyOFVcn7X5mhyEC6\r\n", "x-balanced-revision:
        1.1\r\n", "x-balanced-software-build: f760e54ed83b2df2c9ef3a8dc3b60c5a70831d3f\r\n",
      "X-Midlr-Version: 2\r\n", "x-newrelic-app-data: PxQFWFNXCQYTVVhWAwQDVUYdFhE1AwE2QgNWEVlbQFtcCxYxSBVbDQoZVA4IF0pcXAgEEBhSVhQAQhhQEAMCFlVAFEIIFBQCHVAAWQFUAVJWAg9VV1AICwZIQVEACRtGRgNTAFRXAVBWA1kHWgEDC1ZHFUFXAF8RAWs=\r\n",
      "Content-Length: 1216\r\n", "Connection: keep-alive\r\n"]
    status: {code: 201, message: CREATED}
- request: !!python/object:vcr.request.Request
    body: '{"routing_number": "121042882", "account_number": "112233a", "name": "Homer
      Jay"}'
    headers: !!python/object/apply:__builtin__.frozenset
    - - !!python/tuple [User-Agent, !!python/unicode balanced-python/1.0.1beta3]
      - !!python/tuple [Authorization, !!python/unicode Basic YWstdGVzdC0xR0FiT0Q1Tk5kOTcwVXl6elVxQXJ4Tnk0VHlMSDE1SW06Tm9uZQ==]
      - !!python/tuple [Content-Type, !!python/unicode application/json]
      - !!python/tuple [Accept-Encoding, 'gzip, deflate, compress']
      - !!python/tuple [accept, !!python/unicode application/vnd.api+json;revision=1.1]
      - !!python/tuple [Content-Length, !!python/unicode 81]
    host: api.balancedpayments.com
    method: POST
    path: /bank_accounts
    port: 443
    protocol: https
  response:
    body: {string: "{\n  \"bank_accounts\": [\n    {\n      \"routing_number\": \"121042882\",\n
        \     \"bank_name\": \"WELLS FARGO BANK NA\",\n      \"account_type\": \"checking\",\n
        \     \"name\": \"Homer Jay\",\n      \"links\": {\n        \"customer\":
        null,\n        \"bank_account_verification\": null\n      },\n      \"can_credit\":
        true,\n      \"created_at\": \"2014-02-22T04:43:01.111081Z\",\n      \"fingerprint\":
        \"dac6514d9dd3a1cd7ac925d5749e0308c2c65fa27c506aefb0c9b21611ff9969\",\n      \"updated_at\":
        \"2014-02-22T04:43:01.111084Z\",\n      \"href\": \"/bank_accounts/BA6j03U33zC3JtRd5thBuL5S\",\n
        \     \"meta\": {},\n      \"account_number\": \"xxx233a\",\n      \"address\":
        {\n        \"city\": null,\n        \"line2\": null,\n        \"line1\": null,\n
        \       \"state\": null,\n        \"postal_code\": null,\n        \"country_code\":
        null\n      },\n      \"can_debit\": false,\n      \"id\": \"BA6j03U33zC3JtRd5thBuL5S\"\n
        \   }\n  ],\n  \"links\": {\n    \"bank_accounts.credits\": \"/bank_accounts/{bank_accounts.id}/credits\",\n
        \   \"bank_accounts.bank_account_verifications\": \"/bank_accounts/{bank_accounts.id}/verifications\",\n
        \   \"bank_accounts.customer\": \"/customers/{bank_accounts.customer}\",\n
        \   \"bank_accounts.debits\": \"/bank_accounts/{bank_accounts.id}/debits\",\n
        \   \"bank_accounts.bank_account_verification\": \"/verifications/{bank_accounts.bank_account_verification}\"\n
        \ }\n}"}
    headers: ["access-control-allow-headers: Content-Type\r\n", "access-control-allow-methods:
        POST, OPTIONS\r\n", "access-control-allow-origin: *\r\n", "Content-Type: application/json\r\n",
      "Date: Sat, 22 Feb 2014 04:43:01 GMT\r\n", "Server: ngx_openresty/1.2.6.3\r\n",
      "X-Balanced-Guru: OHMcef9cd7c9b7b11e3ac3202a1fe52a36c\r\n", "x-balanced-host:
        balanced-api-01\r\n", "x-balanced-marketplace: TEST-MP7zVkkuMsGEYQ7c2xl58Qqe\r\n",
      "x-balanced-merchant: TEST-MR7dsEuTLyOFVcn7X5mhyEC6\r\n", "x-balanced-revision:
        1.1\r\n", "x-balanced-software-build: f760e54ed83b2df2c9ef3a8dc3b60c5a70831d3f\r\n",
      "X-Midlr-Version: 2\r\n", "x-newrelic-app-data: PxQFWFNXCQYTVVhWAwQDVUYdFhE1AwE2QgNWEVlbQFtcCxYxSBVbDQoZVA4IF0pcXAgEEBhTVggPbldQAQkWDEQRFgFKXVVGVkcVQQFNE1JKAwdUU1QPAwhTVVIFAgNVXB0WAlpeT0ISVg0GClpRBVFTCwQDAwIAAhQbQQACVEBVOQ==\r\n",
      "Content-Length: 1281\r\n", "Connection: keep-alive\r\n"]
    status: {code: 201, message: CREATED}
- request: !!python/object:vcr.request.Request
    body: '{}'
    headers: !!python/object/apply:__builtin__.frozenset
    - - !!python/tuple [User-Agent, !!python/unicode balanced-python/1.0.1beta3]
      - !!python/tuple [Content-Length, !!python/unicode 2]
      - !!python/tuple [Authorization, !!python/unicode Basic YWstdGVzdC0xR0FiT0Q1Tk5kOTcwVXl6elVxQXJ4Tnk0VHlMSDE1SW06Tm9uZQ==]
      - !!python/tuple [Content-Type, !!python/unicode application/json]
      - !!python/tuple [Accept-Encoding, 'gzip, deflate, compress']
      - !!python/tuple [accept, !!python/unicode application/vnd.api+json;revision=1.1]
    host: api.balancedpayments.com
    method: POST
    path: /customers
    port: 443
    protocol: https
  response:
    body: {string: "{\n  \"customers\": [\n    {\n      \"name\": null,\n      \"links\":
        {\n        \"source\": null,\n        \"destination\": null\n      },\n      \"updated_at\":
        \"2014-02-22T04:43:01.763115Z\",\n      \"created_at\": \"2014-02-22T04:43:01.488388Z\",\n
        \     \"dob_month\": null,\n      \"id\": \"CU6jrwvf5g7PYkeCIv7alPpE\",\n
        \     \"phone\": null,\n      \"href\": \"/customers/CU6jrwvf5g7PYkeCIv7alPpE\",\n
        \     \"merchant_status\": \"no-match\",\n      \"meta\": {},\n      \"dob_year\":
        null,\n      \"address\": {\n        \"city\": null,\n        \"line2\": null,\n
        \       \"line1\": null,\n        \"state\": null,\n        \"postal_code\":
        null,\n        \"country_code\": null\n      },\n      \"business_name\":
        null,\n      \"ssn_last4\": null,\n      \"email\": null,\n      \"ein\":
        null\n    }\n  ],\n  \"links\": {\n    \"customers.source\": \"/resources/{customers.source}\",\n
        \   \"customers.card_holds\": \"/customers/{customers.id}/card_holds\",\n
        \   \"customers.bank_accounts\": \"/customers/{customers.id}/bank_accounts\",\n
        \   \"customers.debits\": \"/customers/{customers.id}/debits\",\n    \"customers.destination\":
        \"/resources/{customers.destination}\",\n    \"customers.external_accounts\":
        \"/customers/{customers.id}/external_accounts\",\n    \"customers.cards\":
        \"/customers/{customers.id}/cards\",\n    \"customers.transactions\": \"/customers/{customers.id}/transactions\",\n
        \   \"customers.refunds\": \"/customers/{customers.id}/refunds\",\n    \"customers.reversals\":
        \"/customers/{customers.id}/reversals\",\n    \"customers.orders\": \"/customers/{customers.id}/orders\",\n
        \   \"customers.credits\": \"/customers/{customers.id}/credits\"\n  }\n}"}
    headers: ["Content-Type: application/json\r\n", "Date: Sat, 22 Feb 2014 04:43:01
        GMT\r\n", "Server: ngx_openresty/1.2.6.3\r\n", "X-Balanced-Guru: OHMcf68ea369b7b11e3992602a1fe52a36c\r\n",
      "x-balanced-host: balanced-api-05\r\n", "x-balanced-marketplace: TEST-MP7zVkkuMsGEYQ7c2xl58Qqe\r\n",
      "x-balanced-merchant: TEST-MR7dsEuTLyOFVcn7X5mhyEC6\r\n", "x-balanced-revision:
        1.1\r\n", "x-balanced-software-build: f760e54ed83b2df2c9ef3a8dc3b60c5a70831d3f\r\n",
      "X-Midlr-Version: 2\r\n", "x-newrelic-app-data: PxQFWFNXCQYTVVhWAwQDVUYdFhE1AwE2QgNWEVlbQFtcCxYxSBVbDQoZVA4IF0pcXAgEEBhSQhUQXltWEBVNAUIHWRZdGhgSA0kZUR9UAlNUBQNRV1IABwBcU1IEHRdUSBEUAQdUU1JWUAhUXF0HUwVQD0MdQVUDCEVSPA==\r\n",
      "Content-Length: 1529\r\n", "Connection: keep-alive\r\n"]
    status: {code: 201, message: CREATED}
- request: !!python/object:vcr.request.Request
    body: '{"expiration_month": 10, "meta": {"region": "Confusion", "city_town": "",
      "address_2": "Box 2"}, "number": "4111111111111111", "expiration_year": 2020,
      "address": {"state": "Confusion", "postal_code": "90210", "line1": "123 Main
      Street"}}'
    headers: !!python/object/apply:__builtin__.frozenset
    - - !!python/tuple [User-Agent, !!python/unicode balanced-python/1.0.1beta3]
      - !!python/tuple [Content-Length, !!python/unicode 238]
      - !!python/tuple [Authorization, !!python/unicode Basic YWstdGVzdC0xR0FiT0Q1Tk5kOTcwVXl6elVxQXJ4Tnk0VHlMSDE1SW06Tm9uZQ==]
      - !!python/tuple [Content-Type, !!python/unicode application/json]
      - !!python/tuple [Accept-Encoding, 'gzip, deflate, compress']
      - !!python/tuple [accept, !!python/unicode application/vnd.api+json;revision=1.1]
    host: api.balancedpayments.com
    method: POST
    path: /cards
    port: 443
    protocol: https
  response:
    body: {string: "{\n  \"cards\": [\n    {\n      \"cvv_match\": null,\n      \"links\":
        {\n        \"customer\": null\n      },\n      \"name\": null,\n      \"expiration_year\":
        2020,\n      \"avs_street_match\": \"yes\",\n      \"is_verified\": true,\n
        \     \"created_at\": \"2014-02-22T04:43:02.960813Z\",\n      \"cvv_result\":
        null,\n      \"brand\": \"Visa\",\n      \"number\": \"xxxxxxxxxxxx1111\",\n
        \     \"updated_at\": \"2014-02-22T04:43:02.960816Z\",\n      \"id\": \"CC6l4LFq2mq8Ka9MZHw4LoNF\",\n
        \     \"expiration_month\": 10,\n      \"cvv\": null,\n      \"meta\": {\n
        \       \"region\": \"Confusion\",\n        \"city_town\": \"\",\n        \"address_2\":
        \"Box 2\"\n      },\n      \"href\": \"/cards/CC6l4LFq2mq8Ka9MZHw4LoNF\",\n
        \     \"address\": {\n        \"city\": \"Balo Alto\",\n        \"line2\":
        null,\n        \"line1\": \"123 Main Street\",\n        \"state\": null,\n
        \       \"postal_code\": \"90210\",\n        \"country_code\": null\n      },\n
        \     \"fingerprint\": \"8c7f0423365af88c3e36cf02746eca64fdcf36ddc2e1f398c7ec9f3ffd05a267\",\n
        \     \"avs_postal_match\": \"no\",\n      \"avs_result\": \"Street address
        and postal code do not match.\"\n    }\n  ],\n  \"links\": {\n    \"cards.card_holds\":
        \"/cards/{cards.id}/card_holds\",\n    \"cards.customer\": \"/customers/{cards.customer}\",\n
        \   \"cards.debits\": \"/cards/{cards.id}/debits\"\n  }\n}"}
    headers: ["access-control-allow-headers: Content-Type\r\n", "access-control-allow-methods:
        POST, OPTIONS\r\n", "access-control-allow-origin: *\r\n", "Content-Type: application/json\r\n",
      "Date: Sat, 22 Feb 2014 04:43:03 GMT\r\n", "Server: ngx_openresty/1.2.6.3\r\n",
      "X-Balanced-Guru: OHMcfcdb48e9b7b11e3b33602a1fe52a36c\r\n", "x-balanced-host:
        balanced-api-06\r\n", "x-balanced-marketplace: TEST-MP7zVkkuMsGEYQ7c2xl58Qqe\r\n",
      "x-balanced-merchant: TEST-MR7dsEuTLyOFVcn7X5mhyEC6\r\n", "x-balanced-revision:
        1.1\r\n", "x-balanced-software-build: f760e54ed83b2df2c9ef3a8dc3b60c5a70831d3f\r\n",
      "X-Midlr-Version: 2\r\n", "x-newrelic-app-data: PxQFWFNXCQYTVVhWAwQDVUYdFhE1AwE2QgNWEVlbQFtcCxYxSBVbDQoZVA4IF0pcXAgEEBhSVhQAQhhQEAMCFlVAFEIIFBQCHVwOUgZUBVVdBgZXV1ILAQhIQVEACRtGRlIPAgAHU1RWBg1SXVsCV1ZHFUFXAF8RAWs=\r\n",
      "Content-Length: 1216\r\n", "Connection: keep-alive\r\n"]
    status: {code: 201, message: CREATED}
- request: !!python/object:vcr.request.Request
    body: '{"routing_number": "121042882", "account_number": "112233a", "name": "Homer
      Jay"}'
    headers: !!python/object/apply:__builtin__.frozenset
    - - !!python/tuple [User-Agent, !!python/unicode balanced-python/1.0.1beta3]
      - !!python/tuple [Authorization, !!python/unicode Basic YWstdGVzdC0xR0FiT0Q1Tk5kOTcwVXl6elVxQXJ4Tnk0VHlMSDE1SW06Tm9uZQ==]
      - !!python/tuple [Content-Type, !!python/unicode application/json]
      - !!python/tuple [Accept-Encoding, 'gzip, deflate, compress']
      - !!python/tuple [accept, !!python/unicode application/vnd.api+json;revision=1.1]
      - !!python/tuple [Content-Length, !!python/unicode 81]
    host: api.balancedpayments.com
    method: POST
    path: /bank_accounts
    port: 443
    protocol: https
  response:
    body: {string: "{\n  \"bank_accounts\": [\n    {\n      \"routing_number\": \"121042882\",\n
        \     \"bank_name\": \"WELLS FARGO BANK NA\",\n      \"account_type\": \"checking\",\n
        \     \"name\": \"Homer Jay\",\n      \"links\": {\n        \"customer\":
        null,\n        \"bank_account_verification\": null\n      },\n      \"can_credit\":
        true,\n      \"created_at\": \"2014-02-22T04:43:03.846086Z\",\n      \"fingerprint\":
        \"dac6514d9dd3a1cd7ac925d5749e0308c2c65fa27c506aefb0c9b21611ff9969\",\n      \"updated_at\":
        \"2014-02-22T04:43:03.846088Z\",\n      \"href\": \"/bank_accounts/BA6m5pIz9MMjC2nff7EHHjVu\",\n
        \     \"meta\": {},\n      \"account_number\": \"xxx233a\",\n      \"address\":
        {\n        \"city\": null,\n        \"line2\": null,\n        \"line1\": null,\n
        \       \"state\": null,\n        \"postal_code\": null,\n        \"country_code\":
        null\n      },\n      \"can_debit\": false,\n      \"id\": \"BA6m5pIz9MMjC2nff7EHHjVu\"\n
        \   }\n  ],\n  \"links\": {\n    \"bank_accounts.credits\": \"/bank_accounts/{bank_accounts.id}/credits\",\n
        \   \"bank_accounts.bank_account_verifications\": \"/bank_accounts/{bank_accounts.id}/verifications\",\n
        \   \"bank_accounts.customer\": \"/customers/{bank_accounts.customer}\",\n
        \   \"bank_accounts.debits\": \"/bank_accounts/{bank_accounts.id}/debits\",\n
        \   \"bank_accounts.bank_account_verification\": \"/verifications/{bank_accounts.bank_account_verification}\"\n
        \ }\n}"}
    headers: ["access-control-allow-headers: Content-Type\r\n", "access-control-allow-methods:
        POST, OPTIONS\r\n", "access-control-allow-origin: *\r\n", "Content-Type: application/json\r\n",
      "Date: Sat, 22 Feb 2014 04:43:04 GMT\r\n", "Server: ngx_openresty/1.2.6.3\r\n",
      "X-Balanced-Guru: OHMd07776a49b7b11e3aed402a1fe52a36c\r\n", "x-balanced-host:
        balanced-api-02\r\n", "x-balanced-marketplace: TEST-MP7zVkkuMsGEYQ7c2xl58Qqe\r\n",
      "x-balanced-merchant: TEST-MR7dsEuTLyOFVcn7X5mhyEC6\r\n", "x-balanced-revision:
        1.1\r\n", "x-balanced-software-build: f760e54ed83b2df2c9ef3a8dc3b60c5a70831d3f\r\n",
      "X-Midlr-Version: 2\r\n", "x-newrelic-app-data: PxQFWFNXCQYTVVhWAwQDVUYdFhE1AwE2QgNWEVlbQFtcCxYxSBVbDQoZVA4IF0pcXAgEEBhTVggPbldQAQkWDEQRFgFKXVVGVkcVQQFNE1JKDgdVVVMAAgdSUVYHBwNfUB0WAlpeT0ISUgBUDQ9XAgpQCAICUFUEABQbQQACVEBVOQ==\r\n",
      "Content-Length: 1281\r\n", "Connection: keep-alive\r\n"]
    status: {code: 201, message: CREATED}
- request: !!python/object:vcr.request.Request
    body: '{}'
    headers: !!python/object/apply:__builtin__.frozenset
    - - !!python/tuple [User-Agent, !!python/unicode balanced-python/1.0.1beta3]
      - !!python/tuple [Content-Length, !!python/unicode 2]
      - !!python/tuple [Authorization, !!python/unicode Basic YWstdGVzdC0xR0FiT0Q1Tk5kOTcwVXl6elVxQXJ4Tnk0VHlMSDE1SW06Tm9uZQ==]
      - !!python/tuple [Content-Type, !!python/unicode application/json]
      - !!python/tuple [Accept-Encoding, 'gzip, deflate, compress']
      - !!python/tuple [accept, !!python/unicode application/vnd.api+json;revision=1.1]
    host: api.balancedpayments.com
    method: POST
    path: /customers
    port: 443
    protocol: https
  response:
    body: {string: "{\n  \"customers\": [\n    {\n      \"name\": null,\n      \"links\":
        {\n        \"source\": null,\n        \"destination\": null\n      },\n      \"updated_at\":
        \"2014-02-22T04:43:04.412721Z\",\n      \"created_at\": \"2014-02-22T04:43:04.197294Z\",\n
        \     \"dob_month\": null,\n      \"id\": \"CU6mufxPpzBb93bBG2w5mPEa\",\n
        \     \"phone\": null,\n      \"href\": \"/customers/CU6mufxPpzBb93bBG2w5mPEa\",\n
        \     \"merchant_status\": \"no-match\",\n      \"meta\": {},\n      \"dob_year\":
        null,\n      \"address\": {\n        \"city\": null,\n        \"line2\": null,\n
        \       \"line1\": null,\n        \"state\": null,\n        \"postal_code\":
        null,\n        \"country_code\": null\n      },\n      \"business_name\":
        null,\n      \"ssn_last4\": null,\n      \"email\": null,\n      \"ein\":
        null\n    }\n  ],\n  \"links\": {\n    \"customers.source\": \"/resources/{customers.source}\",\n
        \   \"customers.card_holds\": \"/customers/{customers.id}/card_holds\",\n
        \   \"customers.bank_accounts\": \"/customers/{customers.id}/bank_accounts\",\n
        \   \"customers.debits\": \"/customers/{customers.id}/debits\",\n    \"customers.destination\":
        \"/resources/{customers.destination}\",\n    \"customers.external_accounts\":
        \"/customers/{customers.id}/external_accounts\",\n    \"customers.cards\":
        \"/customers/{customers.id}/cards\",\n    \"customers.transactions\": \"/customers/{customers.id}/transactions\",\n
        \   \"customers.refunds\": \"/customers/{customers.id}/refunds\",\n    \"customers.reversals\":
        \"/customers/{customers.id}/reversals\",\n    \"customers.orders\": \"/customers/{customers.id}/orders\",\n
        \   \"customers.credits\": \"/customers/{customers.id}/credits\"\n  }\n}"}
    headers: ["Content-Type: application/json\r\n", "Date: Sat, 22 Feb 2014 04:43:04
        GMT\r\n", "Server: ngx_openresty/1.2.6.3\r\n", "X-Balanced-Guru: OHMd107441e9b7b11e3a40502a1fe52a36c\r\n",
      "x-balanced-host: balanced-api-04\r\n", "x-balanced-marketplace: TEST-MP7zVkkuMsGEYQ7c2xl58Qqe\r\n",
      "x-balanced-merchant: TEST-MR7dsEuTLyOFVcn7X5mhyEC6\r\n", "x-balanced-revision:
        1.1\r\n", "x-balanced-software-build: f760e54ed83b2df2c9ef3a8dc3b60c5a70831d3f\r\n",
      "X-Midlr-Version: 2\r\n", "x-newrelic-app-data: PxQFWFNXCQYTVVhWAwQDVUYdFhE1AwE2QgNWEVlbQFtcCxYxSBVbDQoZVA4IF0pcXAgEEBhSQhUQXltWEBVNAUIHWRZdGhgSA0kZUR9VAVZRAANQVFAJBgNSWVQCHRdUSBEUAAMEUFdTU11TXQwMCldTCUMdQVUDCEVSPA==\r\n",
      "Content-Length: 1529\r\n", "Connection: keep-alive\r\n"]
    status: {code: 201, message: CREATED}
- request: !!python/object:vcr.request.Request
    body: '{"expiration_month": 10, "meta": {"region": "Confusion", "city_town": "",
      "address_2": "Box 2"}, "number": "4111111111111111", "expiration_year": 2020,
      "address": {"state": "Confusion", "postal_code": "90210", "line1": "123 Main
      Street"}}'
    headers: !!python/object/apply:__builtin__.frozenset
    - - !!python/tuple [User-Agent, !!python/unicode balanced-python/1.0.1beta3]
      - !!python/tuple [Content-Length, !!python/unicode 238]
      - !!python/tuple [Authorization, !!python/unicode Basic YWstdGVzdC0xR0FiT0Q1Tk5kOTcwVXl6elVxQXJ4Tnk0VHlMSDE1SW06Tm9uZQ==]
      - !!python/tuple [Content-Type, !!python/unicode application/json]
      - !!python/tuple [Accept-Encoding, 'gzip, deflate, compress']
      - !!python/tuple [accept, !!python/unicode application/vnd.api+json;revision=1.1]
    host: api.balancedpayments.com
    method: POST
    path: /cards
    port: 443
    protocol: https
  response:
    body: {string: "{\n  \"cards\": [\n    {\n      \"cvv_match\": null,\n      \"links\":
        {\n        \"customer\": null\n      },\n      \"name\": null,\n      \"expiration_year\":
        2020,\n      \"avs_street_match\": \"yes\",\n      \"is_verified\": true,\n
        \     \"created_at\": \"2014-02-22T04:43:05.513114Z\",\n      \"cvv_result\":
        null,\n      \"brand\": \"Visa\",\n      \"number\": \"xxxxxxxxxxxx1111\",\n
        \     \"updated_at\": \"2014-02-22T04:43:05.513117Z\",\n      \"id\": \"CC6nWjiQfDAmmQNEqTjXWtbh\",\n
        \     \"expiration_month\": 10,\n      \"cvv\": null,\n      \"meta\": {\n
        \       \"region\": \"Confusion\",\n        \"city_town\": \"\",\n        \"address_2\":
        \"Box 2\"\n      },\n      \"href\": \"/cards/CC6nWjiQfDAmmQNEqTjXWtbh\",\n
        \     \"address\": {\n        \"city\": \"Balo Alto\",\n        \"line2\":
        null,\n        \"line1\": \"123 Main Street\",\n        \"state\": null,\n
        \       \"postal_code\": \"90210\",\n        \"country_code\": null\n      },\n
        \     \"fingerprint\": \"8c7f0423365af88c3e36cf02746eca64fdcf36ddc2e1f398c7ec9f3ffd05a267\",\n
        \     \"avs_postal_match\": \"no\",\n      \"avs_result\": \"Street address
        and postal code do not match.\"\n    }\n  ],\n  \"links\": {\n    \"cards.card_holds\":
        \"/cards/{cards.id}/card_holds\",\n    \"cards.customer\": \"/customers/{cards.customer}\",\n
        \   \"cards.debits\": \"/cards/{cards.id}/debits\"\n  }\n}"}
    headers: ["access-control-allow-headers: Content-Type\r\n", "access-control-allow-methods:
        POST, OPTIONS\r\n", "access-control-allow-origin: *\r\n", "Content-Type: application/json\r\n",
      "Date: Sat, 22 Feb 2014 04:43:05 GMT\r\n", "Server: ngx_openresty/1.2.6.3\r\n",
      "X-Balanced-Guru: OHMd15eda309b7b11e39a7302a1fe53e539\r\n", "x-balanced-host:
        balanced-api-06\r\n", "x-balanced-marketplace: TEST-MP7zVkkuMsGEYQ7c2xl58Qqe\r\n",
      "x-balanced-merchant: TEST-MR7dsEuTLyOFVcn7X5mhyEC6\r\n", "x-balanced-revision:
        1.1\r\n", "x-balanced-software-build: f760e54ed83b2df2c9ef3a8dc3b60c5a70831d3f\r\n",
      "X-Midlr-Version: 2\r\n", "x-newrelic-app-data: PxQFWFNXCQYTVVhWAwQDVUYdFhE1AwE2QgNWEVlbQFtcCxYxSBVbDQoZVA4IF0pcXAgEEBhSVhQAQhhQEAMCFlVAFEIIFBQCHV0PUwVWC1JVAQ9RUVMIBQhIQVEACRtGRgRSBgdWAFsEAwsGWwxQUAVHFUFXAF8RAWs=\r\n",
      "Content-Length: 1216\r\n", "Connection: keep-alive\r\n"]
    status: {code: 201, message: CREATED}
- request: !!python/object:vcr.request.Request
    body: '{"routing_number": "121042882", "account_number": "112233a", "name": "Homer
      Jay"}'
    headers: !!python/object/apply:__builtin__.frozenset
    - - !!python/tuple [User-Agent, !!python/unicode balanced-python/1.0.1beta3]
      - !!python/tuple [Authorization, !!python/unicode Basic YWstdGVzdC0xR0FiT0Q1Tk5kOTcwVXl6elVxQXJ4Tnk0VHlMSDE1SW06Tm9uZQ==]
      - !!python/tuple [Content-Type, !!python/unicode application/json]
      - !!python/tuple [Accept-Encoding, 'gzip, deflate, compress']
      - !!python/tuple [accept, !!python/unicode application/vnd.api+json;revision=1.1]
      - !!python/tuple [Content-Length, !!python/unicode 81]
    host: api.balancedpayments.com
    method: POST
    path: /bank_accounts
    port: 443
    protocol: https
  response:
    body: {string: "{\n  \"bank_accounts\": [\n    {\n      \"routing_number\": \"121042882\",\n
        \     \"bank_name\": \"WELLS FARGO BANK NA\",\n      \"account_type\": \"checking\",\n
        \     \"name\": \"Homer Jay\",\n      \"links\": {\n        \"customer\":
        null,\n        \"bank_account_verification\": null\n      },\n      \"can_credit\":
        true,\n      \"created_at\": \"2014-02-22T04:43:06.124192Z\",\n      \"fingerprint\":
        \"dac6514d9dd3a1cd7ac925d5749e0308c2c65fa27c506aefb0c9b21611ff9969\",\n      \"updated_at\":
        \"2014-02-22T04:43:06.124196Z\",\n      \"href\": \"/bank_accounts/BA6oEgMsfTjDePm4fWGAkZiw\",\n
        \     \"meta\": {},\n      \"account_number\": \"xxx233a\",\n      \"address\":
        {\n        \"city\": null,\n        \"line2\": null,\n        \"line1\": null,\n
        \       \"state\": null,\n        \"postal_code\": null,\n        \"country_code\":
        null\n      },\n      \"can_debit\": false,\n      \"id\": \"BA6oEgMsfTjDePm4fWGAkZiw\"\n
        \   }\n  ],\n  \"links\": {\n    \"bank_accounts.credits\": \"/bank_accounts/{bank_accounts.id}/credits\",\n
        \   \"bank_accounts.bank_account_verifications\": \"/bank_accounts/{bank_accounts.id}/verifications\",\n
        \   \"bank_accounts.customer\": \"/customers/{bank_accounts.customer}\",\n
        \   \"bank_accounts.debits\": \"/bank_accounts/{bank_accounts.id}/debits\",\n
        \   \"bank_accounts.bank_account_verification\": \"/verifications/{bank_accounts.bank_account_verification}\"\n
        \ }\n}"}
    headers: ["access-control-allow-headers: Content-Type\r\n", "access-control-allow-methods:
        POST, OPTIONS\r\n", "access-control-allow-origin: *\r\n", "Content-Type: application/json\r\n",
      "Date: Sat, 22 Feb 2014 04:43:06 GMT\r\n", "Server: ngx_openresty/1.2.6.3\r\n",
      "X-Balanced-Guru: OHMd1f8a6e29b7b11e3aed402a1fe52a36c\r\n", "x-balanced-host:
        balanced-api-02\r\n", "x-balanced-marketplace: TEST-MP7zVkkuMsGEYQ7c2xl58Qqe\r\n",
      "x-balanced-merchant: TEST-MR7dsEuTLyOFVcn7X5mhyEC6\r\n", "x-balanced-revision:
        1.1\r\n", "x-balanced-software-build: f760e54ed83b2df2c9ef3a8dc3b60c5a70831d3f\r\n",
      "X-Midlr-Version: 2\r\n", "x-newrelic-app-data: PxQFWFNXCQYTVVhWAwQDVUYdFhE1AwE2QgNWEVlbQFtcCxYxSBVbDQoZVA4IF0pcXAgEEBhTVggPbldQAQkWDEQRFgFKXVVGVkcVQQFNE1JKAwZXU1EKAgZdUFMEAAJfVh0WAlpeT0ISVl1QD1sDBgBcWwQAUFJSURQbQQACVEBVOQ==\r\n",
      "Content-Length: 1281\r\n", "Connection: keep-alive\r\n"]
    status: {code: 201, message: CREATED}
- request: !!python/object:vcr.request.Request
    body: '{}'
    headers: !!python/object/apply:__builtin__.frozenset
    - - !!python/tuple [User-Agent, !!python/unicode balanced-python/1.0.1beta3]
      - !!python/tuple [Content-Length, !!python/unicode 2]
      - !!python/tuple [Authorization, !!python/unicode Basic YWstdGVzdC0xR0FiT0Q1Tk5kOTcwVXl6elVxQXJ4Tnk0VHlMSDE1SW06Tm9uZQ==]
      - !!python/tuple [Content-Type, !!python/unicode application/json]
      - !!python/tuple [Accept-Encoding, 'gzip, deflate, compress']
      - !!python/tuple [accept, !!python/unicode application/vnd.api+json;revision=1.1]
    host: api.balancedpayments.com
    method: POST
    path: /customers
    port: 443
    protocol: https
  response:
    body: {string: "{\n  \"customers\": [\n    {\n      \"name\": null,\n      \"links\":
        {\n        \"source\": null,\n        \"destination\": null\n      },\n      \"updated_at\":
        \"2014-02-22T04:43:06.677564Z\",\n      \"created_at\": \"2014-02-22T04:43:06.438046Z\",\n
        \     \"dob_month\": null,\n      \"id\": \"CU6p0JHOaavWqhIhfYVHeJbG\",\n
        \     \"phone\": null,\n      \"href\": \"/customers/CU6p0JHOaavWqhIhfYVHeJbG\",\n
        \     \"merchant_status\": \"no-match\",\n      \"meta\": {},\n      \"dob_year\":
        null,\n      \"address\": {\n        \"city\": null,\n        \"line2\": null,\n
        \       \"line1\": null,\n        \"state\": null,\n        \"postal_code\":
        null,\n        \"country_code\": null\n      },\n      \"business_name\":
        null,\n      \"ssn_last4\": null,\n      \"email\": null,\n      \"ein\":
        null\n    }\n  ],\n  \"links\": {\n    \"customers.source\": \"/resources/{customers.source}\",\n
        \   \"customers.card_holds\": \"/customers/{customers.id}/card_holds\",\n
        \   \"customers.bank_accounts\": \"/customers/{customers.id}/bank_accounts\",\n
        \   \"customers.debits\": \"/customers/{customers.id}/debits\",\n    \"customers.destination\":
        \"/resources/{customers.destination}\",\n    \"customers.external_accounts\":
        \"/customers/{customers.id}/external_accounts\",\n    \"customers.cards\":
        \"/customers/{customers.id}/cards\",\n    \"customers.transactions\": \"/customers/{customers.id}/transactions\",\n
        \   \"customers.refunds\": \"/customers/{customers.id}/refunds\",\n    \"customers.reversals\":
        \"/customers/{customers.id}/reversals\",\n    \"customers.orders\": \"/customers/{customers.id}/orders\",\n
        \   \"customers.credits\": \"/customers/{customers.id}/credits\"\n  }\n}"}
    headers: ["Content-Type: application/json\r\n", "Date: Sat, 22 Feb 2014 04:43:06
        GMT\r\n", "Server: ngx_openresty/1.2.6.3\r\n", "X-Balanced-Guru: OHMd25fafb89b7b11e3836102a1fe53e539\r\n",
      "x-balanced-host: balanced-api-01\r\n", "x-balanced-marketplace: TEST-MP7zVkkuMsGEYQ7c2xl58Qqe\r\n",
      "x-balanced-merchant: TEST-MR7dsEuTLyOFVcn7X5mhyEC6\r\n", "x-balanced-revision:
        1.1\r\n", "x-balanced-software-build: f760e54ed83b2df2c9ef3a8dc3b60c5a70831d3f\r\n",
      "X-Midlr-Version: 2\r\n", "x-newrelic-app-data: PxQFWFNXCQYTVVhWAwQDVUYdFhE1AwE2QgNWEVlbQFtcCxYxSBVbDQoZVA4IF0pcXAgEEBhSQhUQXltWEBVNAUIHWRZdGhgSA0kZUR9VB1ZQBwFRUlUJBwJRVloGHRdUSBEUVlZSVgNUVA1SDwEFAFcGCEMdQVUDCEVSPA==\r\n",
      "Content-Length: 1529\r\n", "Connection: keep-alive\r\n"]
    status: {code: 201, message: CREATED}
- request: !!python/object:vcr.request.Request
    body: '{"expiration_month": 10, "meta": {"region": "Confusion", "city_town": "",
      "address_2": "Box 2"}, "number": "4111111111111111", "expiration_year": 2020,
      "address": {"state": "Confusion", "postal_code": "90210", "line1": "123 Main
      Street"}}'
    headers: !!python/object/apply:__builtin__.frozenset
    - - !!python/tuple [User-Agent, !!python/unicode balanced-python/1.0.1beta3]
      - !!python/tuple [Content-Length, !!python/unicode 238]
      - !!python/tuple [Authorization, !!python/unicode Basic YWstdGVzdC0xR0FiT0Q1Tk5kOTcwVXl6elVxQXJ4Tnk0VHlMSDE1SW06Tm9uZQ==]
      - !!python/tuple [Content-Type, !!python/unicode application/json]
      - !!python/tuple [Accept-Encoding, 'gzip, deflate, compress']
      - !!python/tuple [accept, !!python/unicode application/vnd.api+json;revision=1.1]
    host: api.balancedpayments.com
    method: POST
    path: /cards
    port: 443
    protocol: https
  response:
    body: {string: "{\n  \"cards\": [\n    {\n      \"cvv_match\": null,\n      \"links\":
        {\n        \"customer\": null\n      },\n      \"name\": null,\n      \"expiration_year\":
        2020,\n      \"avs_street_match\": \"yes\",\n      \"is_verified\": true,\n
        \     \"created_at\": \"2014-02-22T04:43:07.643182Z\",\n      \"cvv_result\":
        null,\n      \"brand\": \"Visa\",\n      \"number\": \"xxxxxxxxxxxx1111\",\n
        \     \"updated_at\": \"2014-02-22T04:43:07.643185Z\",\n      \"id\": \"CC6qlsW856AVGCY1LLP8kwkg\",\n
        \     \"expiration_month\": 10,\n      \"cvv\": null,\n      \"meta\": {\n
        \       \"region\": \"Confusion\",\n        \"city_town\": \"\",\n        \"address_2\":
        \"Box 2\"\n      },\n      \"href\": \"/cards/CC6qlsW856AVGCY1LLP8kwkg\",\n
        \     \"address\": {\n        \"city\": \"Balo Alto\",\n        \"line2\":
        null,\n        \"line1\": \"123 Main Street\",\n        \"state\": null,\n
        \       \"postal_code\": \"90210\",\n        \"country_code\": null\n      },\n
        \     \"fingerprint\": \"8c7f0423365af88c3e36cf02746eca64fdcf36ddc2e1f398c7ec9f3ffd05a267\",\n
        \     \"avs_postal_match\": \"no\",\n      \"avs_result\": \"Street address
        and postal code do not match.\"\n    }\n  ],\n  \"links\": {\n    \"cards.card_holds\":
        \"/cards/{cards.id}/card_holds\",\n    \"cards.customer\": \"/customers/{cards.customer}\",\n
        \   \"cards.debits\": \"/cards/{cards.id}/debits\"\n  }\n}"}
    headers: ["access-control-allow-headers: Content-Type\r\n", "access-control-allow-methods:
        POST, OPTIONS\r\n", "access-control-allow-origin: *\r\n", "Content-Type: application/json\r\n",
      "Date: Sat, 22 Feb 2014 04:43:07 GMT\r\n", "Server: ngx_openresty/1.2.6.3\r\n",
      "X-Balanced-Guru: OHMd2c088c49b7b11e3ba1302a1fe53e539\r\n", "x-balanced-host:
        balanced-api-01\r\n", "x-balanced-marketplace: TEST-MP7zVkkuMsGEYQ7c2xl58Qqe\r\n",
      "x-balanced-merchant: TEST-MR7dsEuTLyOFVcn7X5mhyEC6\r\n", "x-balanced-revision:
        1.1\r\n", "x-balanced-software-build: f760e54ed83b2df2c9ef3a8dc3b60c5a70831d3f\r\n",
      "X-Midlr-Version: 2\r\n", "x-newrelic-app-data: PxQFWFNXCQYTVVhWAwQDVUYdFhE1AwE2QgNWEVlbQFtcCxYxSBVbDQoZVA4IF0pcXAgEEBhSVhQAQhhQEAMCFlVAFEIIFBQCHVMBUQhRC1tVDgRZVlQLBANIQVEACRtGRglQAVIAVgBTBg5VWQgGBFBHFUFXAF8RAWs=\r\n",
      "Content-Length: 1216\r\n", "Connection: keep-alive\r\n"]
    status: {code: 201, message: CREATED}
- request: !!python/object:vcr.request.Request
    body: '{"routing_number": "121042882", "account_number": "112233a", "name": "Homer
      Jay"}'
    headers: !!python/object/apply:__builtin__.frozenset
    - - !!python/tuple [User-Agent, !!python/unicode balanced-python/1.0.1beta3]
      - !!python/tuple [Authorization, !!python/unicode Basic YWstdGVzdC0xR0FiT0Q1Tk5kOTcwVXl6elVxQXJ4Tnk0VHlMSDE1SW06Tm9uZQ==]
      - !!python/tuple [Content-Type, !!python/unicode application/json]
      - !!python/tuple [Accept-Encoding, 'gzip, deflate, compress']
      - !!python/tuple [accept, !!python/unicode application/vnd.api+json;revision=1.1]
      - !!python/tuple [Content-Length, !!python/unicode 81]
    host: api.balancedpayments.com
    method: POST
    path: /bank_accounts
    port: 443
    protocol: https
  response:
    body: {string: "{\n  \"bank_accounts\": [\n    {\n      \"routing_number\": \"121042882\",\n
        \     \"bank_name\": \"WELLS FARGO BANK NA\",\n      \"account_type\": \"checking\",\n
        \     \"name\": \"Homer Jay\",\n      \"links\": {\n        \"customer\":
        null,\n        \"bank_account_verification\": null\n      },\n      \"can_credit\":
        true,\n      \"created_at\": \"2014-02-22T04:43:08.280451Z\",\n      \"fingerprint\":
        \"dac6514d9dd3a1cd7ac925d5749e0308c2c65fa27c506aefb0c9b21611ff9969\",\n      \"updated_at\":
        \"2014-02-22T04:43:08.280454Z\",\n      \"href\": \"/bank_accounts/BA6r4BijvOLZHXmSCxKwWljO\",\n
        \     \"meta\": {},\n      \"account_number\": \"xxx233a\",\n      \"address\":
        {\n        \"city\": null,\n        \"line2\": null,\n        \"line1\": null,\n
        \       \"state\": null,\n        \"postal_code\": null,\n        \"country_code\":
        null\n      },\n      \"can_debit\": false,\n      \"id\": \"BA6r4BijvOLZHXmSCxKwWljO\"\n
        \   }\n  ],\n  \"links\": {\n    \"bank_accounts.credits\": \"/bank_accounts/{bank_accounts.id}/credits\",\n
        \   \"bank_accounts.bank_account_verifications\": \"/bank_accounts/{bank_accounts.id}/verifications\",\n
        \   \"bank_accounts.customer\": \"/customers/{bank_accounts.customer}\",\n
        \   \"bank_accounts.debits\": \"/bank_accounts/{bank_accounts.id}/debits\",\n
        \   \"bank_accounts.bank_account_verification\": \"/verifications/{bank_accounts.bank_account_verification}\"\n
        \ }\n}"}
    headers: ["access-control-allow-headers: Content-Type\r\n", "access-control-allow-methods:
        POST, OPTIONS\r\n", "access-control-allow-origin: *\r\n", "Content-Type: application/json\r\n",
      "Date: Sat, 22 Feb 2014 04:43:08 GMT\r\n", "Server: ngx_openresty/1.2.6.3\r\n",
      "X-Balanced-Guru: OHMd340d5109b7b11e39a7302a1fe53e539\r\n", "x-balanced-host:
        balanced-api-02\r\n", "x-balanced-marketplace: TEST-MP7zVkkuMsGEYQ7c2xl58Qqe\r\n",
      "x-balanced-merchant: TEST-MR7dsEuTLyOFVcn7X5mhyEC6\r\n", "x-balanced-revision:
        1.1\r\n", "x-balanced-software-build: f760e54ed83b2df2c9ef3a8dc3b60c5a70831d3f\r\n",
      "X-Midlr-Version: 2\r\n", "x-newrelic-app-data: PxQFWFNXCQYTVVhWAwQDVUYdFhE1AwE2QgNWEVlbQFtcCxYxSBVbDQoZVA4IF0pcXAgEEBhTVggPbldQAQkWDEQRFgFKXVVGVkcVQQFNE1JKAwVTU1oLAwJVUlsFCQVUVx0WAlpeT0ISBgwHXlkDVFJXXFJTWAYDURQbQQACVEBVOQ==\r\n",
      "Content-Length: 1281\r\n", "Connection: keep-alive\r\n"]
    status: {code: 201, message: CREATED}
- request: !!python/object:vcr.request.Request
    body: '{}'
    headers: !!python/object/apply:__builtin__.frozenset
    - - !!python/tuple [User-Agent, !!python/unicode balanced-python/1.0.1beta3]
      - !!python/tuple [Content-Length, !!python/unicode 2]
      - !!python/tuple [Authorization, !!python/unicode Basic YWstdGVzdC0xR0FiT0Q1Tk5kOTcwVXl6elVxQXJ4Tnk0VHlMSDE1SW06Tm9uZQ==]
      - !!python/tuple [Content-Type, !!python/unicode application/json]
      - !!python/tuple [Accept-Encoding, 'gzip, deflate, compress']
      - !!python/tuple [accept, !!python/unicode application/vnd.api+json;revision=1.1]
    host: api.balancedpayments.com
    method: POST
    path: /customers
    port: 443
    protocol: https
  response:
    body: {string: "{\n  \"customers\": [\n    {\n      \"name\": null,\n      \"links\":
        {\n        \"source\": null,\n        \"destination\": null\n      },\n      \"updated_at\":
        \"2014-02-22T04:43:08.808615Z\",\n      \"created_at\": \"2014-02-22T04:43:08.630444Z\",\n
        \     \"dob_month\": null,\n      \"id\": \"CU6rtzgR8pvYb9tmxzVkLBi2\",\n
        \     \"phone\": null,\n      \"href\": \"/customers/CU6rtzgR8pvYb9tmxzVkLBi2\",\n
        \     \"merchant_status\": \"no-match\",\n      \"meta\": {},\n      \"dob_year\":
        null,\n      \"address\": {\n        \"city\": null,\n        \"line2\": null,\n
        \       \"line1\": null,\n        \"state\": null,\n        \"postal_code\":
        null,\n        \"country_code\": null\n      },\n      \"business_name\":
        null,\n      \"ssn_last4\": null,\n      \"email\": null,\n      \"ein\":
        null\n    }\n  ],\n  \"links\": {\n    \"customers.source\": \"/resources/{customers.source}\",\n
        \   \"customers.card_holds\": \"/customers/{customers.id}/card_holds\",\n
        \   \"customers.bank_accounts\": \"/customers/{customers.id}/bank_accounts\",\n
        \   \"customers.debits\": \"/customers/{customers.id}/debits\",\n    \"customers.destination\":
        \"/resources/{customers.destination}\",\n    \"customers.external_accounts\":
        \"/customers/{customers.id}/external_accounts\",\n    \"customers.cards\":
        \"/customers/{customers.id}/cards\",\n    \"customers.transactions\": \"/customers/{customers.id}/transactions\",\n
        \   \"customers.refunds\": \"/customers/{customers.id}/refunds\",\n    \"customers.reversals\":
        \"/customers/{customers.id}/reversals\",\n    \"customers.orders\": \"/customers/{customers.id}/orders\",\n
        \   \"customers.credits\": \"/customers/{customers.id}/credits\"\n  }\n}"}
    headers: ["Content-Type: application/json\r\n", "Date: Sat, 22 Feb 2014 04:43:08
        GMT\r\n", "Server: ngx_openresty/1.2.6.3\r\n", "X-Balanced-Guru: OHMd3acaaf69b7b11e3a40502a1fe52a36c\r\n",
      "x-balanced-host: balanced-api-05\r\n", "x-balanced-marketplace: TEST-MP7zVkkuMsGEYQ7c2xl58Qqe\r\n",
      "x-balanced-merchant: TEST-MR7dsEuTLyOFVcn7X5mhyEC6\r\n", "x-balanced-revision:
        1.1\r\n", "x-balanced-software-build: f760e54ed83b2df2c9ef3a8dc3b60c5a70831d3f\r\n",
      "X-Midlr-Version: 2\r\n", "x-newrelic-app-data: PxQFWFNXCQYTVVhWAwQDVUYdFhE1AwE2QgNWEVlbQFtcCxYxSBVbDQoZVA4IF0pcXAgEEBhSQhUQXltWEBVNAUIHWRZdGhgSA0kZUR9SBFtVAg9YUFMJAgNRU1cDHRdUSBEUBVZRAVQCUgxVWgBWAQdQDkMdQVUDCEVSPA==\r\n",
      "Content-Length: 1529\r\n", "Connection: keep-alive\r\n"]
    status: {code: 201, message: CREATED}
- request: !!python/object:vcr.request.Request
    body: '{"expiration_month": 10, "meta": {"region": "Confusion", "city_town": "",
      "address_2": "Box 2"}, "number": "4111111111111111", "expiration_year": 2020,
      "address": {"state": "Confusion", "postal_code": "90210", "line1": "123 Main
      Street"}}'
    headers: !!python/object/apply:__builtin__.frozenset
    - - !!python/tuple [User-Agent, !!python/unicode balanced-python/1.0.1beta3]
      - !!python/tuple [Content-Length, !!python/unicode 238]
      - !!python/tuple [Authorization, !!python/unicode Basic YWstdGVzdC0xR0FiT0Q1Tk5kOTcwVXl6elVxQXJ4Tnk0VHlMSDE1SW06Tm9uZQ==]
      - !!python/tuple [Content-Type, !!python/unicode application/json]
      - !!python/tuple [Accept-Encoding, 'gzip, deflate, compress']
      - !!python/tuple [accept, !!python/unicode application/vnd.api+json;revision=1.1]
    host: api.balancedpayments.com
    method: POST
    path: /cards
    port: 443
    protocol: https
  response:
    body: {string: "{\n  \"cards\": [\n    {\n      \"cvv_match\": null,\n      \"links\":
        {\n        \"customer\": null\n      },\n      \"name\": null,\n      \"expiration_year\":
        2020,\n      \"avs_street_match\": \"yes\",\n      \"is_verified\": true,\n
        \     \"created_at\": \"2014-02-22T04:43:09.828790Z\",\n      \"cvv_result\":
        null,\n      \"brand\": \"Visa\",\n      \"number\": \"xxxxxxxxxxxx1111\",\n
        \     \"updated_at\": \"2014-02-22T04:43:09.828793Z\",\n      \"id\": \"CC6sLI1QKdBGWJCh0Ey3gpo2\",\n
        \     \"expiration_month\": 10,\n      \"cvv\": null,\n      \"meta\": {\n
        \       \"region\": \"Confusion\",\n        \"city_town\": \"\",\n        \"address_2\":
        \"Box 2\"\n      },\n      \"href\": \"/cards/CC6sLI1QKdBGWJCh0Ey3gpo2\",\n
        \     \"address\": {\n        \"city\": \"Balo Alto\",\n        \"line2\":
        null,\n        \"line1\": \"123 Main Street\",\n        \"state\": null,\n
        \       \"postal_code\": \"90210\",\n        \"country_code\": null\n      },\n
        \     \"fingerprint\": \"8c7f0423365af88c3e36cf02746eca64fdcf36ddc2e1f398c7ec9f3ffd05a267\",\n
        \     \"avs_postal_match\": \"no\",\n      \"avs_result\": \"Street address
        and postal code do not match.\"\n    }\n  ],\n  \"links\": {\n    \"cards.card_holds\":
        \"/cards/{cards.id}/card_holds\",\n    \"cards.customer\": \"/customers/{cards.customer}\",\n
        \   \"cards.debits\": \"/cards/{cards.id}/debits\"\n  }\n}"}
    headers: ["access-control-allow-headers: Content-Type\r\n", "access-control-allow-methods:
        POST, OPTIONS\r\n", "access-control-allow-origin: *\r\n", "Content-Type: application/json\r\n",
      "Date: Sat, 22 Feb 2014 04:43:09 GMT\r\n", "Server: ngx_openresty/1.2.6.3\r\n",
      "X-Balanced-Guru: OHMd3fa11a69b7b11e3836102a1fe53e539\r\n", "x-balanced-host:
        balanced-api-04\r\n", "x-balanced-marketplace: TEST-MP7zVkkuMsGEYQ7c2xl58Qqe\r\n",
      "x-balanced-merchant: TEST-MR7dsEuTLyOFVcn7X5mhyEC6\r\n", "x-balanced-revision:
        1.1\r\n", "x-balanced-software-build: f760e54ed83b2df2c9ef3a8dc3b60c5a70831d3f\r\n",
      "X-Midlr-Version: 2\r\n", "x-newrelic-app-data: PxQFWFNXCQYTVVhWAwQDVUYdFhE1AwE2QgNWEVlbQFtcCxYxSBVbDQoZVA4IF0pcXAgEEBhSVhQAQhhQEAMCFlVAFEIIFBQCHV0BUwdWB1tXBANWX1sNCwRIQVEACRtGRgkFA1ZRVVsBWg1UWwACAAdHFUFXAF8RAWs=\r\n",
      "Content-Length: 1216\r\n", "Connection: keep-alive\r\n"]
    status: {code: 201, message: CREATED}
- request: !!python/object:vcr.request.Request
    body: '{"routing_number": "121042882", "account_number": "112233a", "name": "Homer
      Jay"}'
    headers: !!python/object/apply:__builtin__.frozenset
    - - !!python/tuple [User-Agent, !!python/unicode balanced-python/1.0.1beta3]
      - !!python/tuple [Authorization, !!python/unicode Basic YWstdGVzdC0xR0FiT0Q1Tk5kOTcwVXl6elVxQXJ4Tnk0VHlMSDE1SW06Tm9uZQ==]
      - !!python/tuple [Content-Type, !!python/unicode application/json]
      - !!python/tuple [Accept-Encoding, 'gzip, deflate, compress']
      - !!python/tuple [accept, !!python/unicode application/vnd.api+json;revision=1.1]
      - !!python/tuple [Content-Length, !!python/unicode 81]
    host: api.balancedpayments.com
    method: POST
    path: /bank_accounts
    port: 443
    protocol: https
  response:
    body: {string: "{\n  \"bank_accounts\": [\n    {\n      \"routing_number\": \"121042882\",\n
        \     \"bank_name\": \"WELLS FARGO BANK NA\",\n      \"account_type\": \"checking\",\n
        \     \"name\": \"Homer Jay\",\n      \"links\": {\n        \"customer\":
        null,\n        \"bank_account_verification\": null\n      },\n      \"can_credit\":
        true,\n      \"created_at\": \"2014-02-22T04:43:10.586645Z\",\n      \"fingerprint\":
        \"dac6514d9dd3a1cd7ac925d5749e0308c2c65fa27c506aefb0c9b21611ff9969\",\n      \"updated_at\":
        \"2014-02-22T04:43:10.586649Z\",\n      \"href\": \"/bank_accounts/BA6tFs2FlVIZ3jbuoSiHb3xK\",\n
        \     \"meta\": {},\n      \"account_number\": \"xxx233a\",\n      \"address\":
        {\n        \"city\": null,\n        \"line2\": null,\n        \"line1\": null,\n
        \       \"state\": null,\n        \"postal_code\": null,\n        \"country_code\":
        null\n      },\n      \"can_debit\": false,\n      \"id\": \"BA6tFs2FlVIZ3jbuoSiHb3xK\"\n
        \   }\n  ],\n  \"links\": {\n    \"bank_accounts.credits\": \"/bank_accounts/{bank_accounts.id}/credits\",\n
        \   \"bank_accounts.bank_account_verifications\": \"/bank_accounts/{bank_accounts.id}/verifications\",\n
        \   \"bank_accounts.customer\": \"/customers/{bank_accounts.customer}\",\n
        \   \"bank_accounts.debits\": \"/bank_accounts/{bank_accounts.id}/debits\",\n
        \   \"bank_accounts.bank_account_verification\": \"/verifications/{bank_accounts.bank_account_verification}\"\n
        \ }\n}"}
    headers: ["access-control-allow-headers: Content-Type\r\n", "access-control-allow-methods:
        POST, OPTIONS\r\n", "access-control-allow-origin: *\r\n", "Content-Type: application/json\r\n",
      "Date: Sat, 22 Feb 2014 04:43:10 GMT\r\n", "Server: ngx_openresty/1.2.6.3\r\n",
      "X-Balanced-Guru: OHMd495720e9b7b11e38f3a02a1fe53e539\r\n", "x-balanced-host:
        balanced-api-02\r\n", "x-balanced-marketplace: TEST-MP7zVkkuMsGEYQ7c2xl58Qqe\r\n",
      "x-balanced-merchant: TEST-MR7dsEuTLyOFVcn7X5mhyEC6\r\n", "x-balanced-revision:
        1.1\r\n", "x-balanced-software-build: f760e54ed83b2df2c9ef3a8dc3b60c5a70831d3f\r\n",
      "X-Midlr-Version: 2\r\n", "x-newrelic-app-data: PxQFWFNXCQYTVVhWAwQDVUYdFhE1AwE2QgNWEVlbQFtcCxYxSBVbDQoZVA4IF0pcXAgEEBhTVggPbldQAQkWDEQRFgFKXVVGVkcVQQFNE1JKAAdYXlsMAwJXV1QBAg9XXB0WAlpeT0ISUgpaXAwCVwQECAdQA1VTAhQbQQACVEBVOQ==\r\n",
      "Content-Length: 1281\r\n", "Connection: keep-alive\r\n"]
    status: {code: 201, message: CREATED}
- request: !!python/object:vcr.request.Request
    body: '{}'
    headers: !!python/object/apply:__builtin__.frozenset
    - - !!python/tuple [User-Agent, !!python/unicode balanced-python/1.0.1beta3]
      - !!python/tuple [Content-Length, !!python/unicode 2]
      - !!python/tuple [Authorization, !!python/unicode Basic YWstdGVzdC0xR0FiT0Q1Tk5kOTcwVXl6elVxQXJ4Tnk0VHlMSDE1SW06Tm9uZQ==]
      - !!python/tuple [Content-Type, !!python/unicode application/json]
      - !!python/tuple [Accept-Encoding, 'gzip, deflate, compress']
      - !!python/tuple [accept, !!python/unicode application/vnd.api+json;revision=1.1]
    host: api.balancedpayments.com
    method: POST
    path: /customers
    port: 443
    protocol: https
  response:
    body: {string: "{\n  \"customers\": [\n    {\n      \"name\": null,\n      \"links\":
        {\n        \"source\": null,\n        \"destination\": null\n      },\n      \"updated_at\":
        \"2014-02-22T04:43:11.389714Z\",\n      \"created_at\": \"2014-02-22T04:43:10.994247Z\",\n
        \     \"dob_month\": null,\n      \"id\": \"CU6u82GAyb7QsdsPrRyHhCDu\",\n
        \     \"phone\": null,\n      \"href\": \"/customers/CU6u82GAyb7QsdsPrRyHhCDu\",\n
        \     \"merchant_status\": \"no-match\",\n      \"meta\": {},\n      \"dob_year\":
        null,\n      \"address\": {\n        \"city\": null,\n        \"line2\": null,\n
        \       \"line1\": null,\n        \"state\": null,\n        \"postal_code\":
        null,\n        \"country_code\": null\n      },\n      \"business_name\":
        null,\n      \"ssn_last4\": null,\n      \"email\": null,\n      \"ein\":
        null\n    }\n  ],\n  \"links\": {\n    \"customers.source\": \"/resources/{customers.source}\",\n
        \   \"customers.card_holds\": \"/customers/{customers.id}/card_holds\",\n
        \   \"customers.bank_accounts\": \"/customers/{customers.id}/bank_accounts\",\n
        \   \"customers.debits\": \"/customers/{customers.id}/debits\",\n    \"customers.destination\":
        \"/resources/{customers.destination}\",\n    \"customers.external_accounts\":
        \"/customers/{customers.id}/external_accounts\",\n    \"customers.cards\":
        \"/customers/{customers.id}/cards\",\n    \"customers.transactions\": \"/customers/{customers.id}/transactions\",\n
        \   \"customers.refunds\": \"/customers/{customers.id}/refunds\",\n    \"customers.reversals\":
        \"/customers/{customers.id}/reversals\",\n    \"customers.orders\": \"/customers/{customers.id}/orders\",\n
        \   \"customers.credits\": \"/customers/{customers.id}/credits\"\n  }\n}"}
    headers: ["Content-Type: application/json\r\n", "Date: Sat, 22 Feb 2014 04:43:11
        GMT\r\n", "Server: ngx_openresty/1.2.6.3\r\n", "X-Balanced-Guru: OHMd507663e9b7b11e3992602a1fe52a36c\r\n",
      "x-balanced-host: balanced-api-02\r\n", "x-balanced-marketplace: TEST-MP7zVkkuMsGEYQ7c2xl58Qqe\r\n",
      "x-balanced-merchant: TEST-MR7dsEuTLyOFVcn7X5mhyEC6\r\n", "x-balanced-revision:
        1.1\r\n", "x-balanced-software-build: f760e54ed83b2df2c9ef3a8dc3b60c5a70831d3f\r\n",
      "X-Midlr-Version: 2\r\n", "x-newrelic-app-data: PxQFWFNXCQYTVVhWAwQDVUYdFhE1AwE2QgNWEVlbQFtcCxYxSBVbDQoZVA4IF0pcXAgEEBhSQhUQXltWEBVNAUIHWRZdGhgSA0kZUR9WA1ZSBwBYUVQJBwJXUlYbEQVKRBMPUVoHV1AFAwBTXV5WBwMHG00RB1IOF1Nq\r\n",
      "Content-Length: 1529\r\n", "Connection: keep-alive\r\n"]
    status: {code: 201, message: CREATED}
- request: !!python/object:vcr.request.Request
    body: '{"expiration_month": 10, "meta": {"region": "Confusion", "city_town": "",
      "address_2": "Box 2"}, "number": "4111111111111111", "expiration_year": 2020,
      "address": {"state": "Confusion", "postal_code": "90210", "line1": "123 Main
      Street"}}'
    headers: !!python/object/apply:__builtin__.frozenset
    - - !!python/tuple [User-Agent, !!python/unicode balanced-python/1.0.1beta3]
      - !!python/tuple [Content-Length, !!python/unicode 238]
      - !!python/tuple [Authorization, !!python/unicode Basic YWstdGVzdC0xR0FiT0Q1Tk5kOTcwVXl6elVxQXJ4Tnk0VHlMSDE1SW06Tm9uZQ==]
      - !!python/tuple [Content-Type, !!python/unicode application/json]
      - !!python/tuple [Accept-Encoding, 'gzip, deflate, compress']
      - !!python/tuple [accept, !!python/unicode application/vnd.api+json;revision=1.1]
    host: api.balancedpayments.com
    method: POST
    path: /cards
    port: 443
    protocol: https
  response:
    body: {string: "{\n  \"cards\": [\n    {\n      \"cvv_match\": null,\n      \"links\":
        {\n        \"customer\": null\n      },\n      \"name\": null,\n      \"expiration_year\":
        2020,\n      \"avs_street_match\": \"yes\",\n      \"is_verified\": true,\n
        \     \"created_at\": \"2014-02-22T04:43:12.436573Z\",\n      \"cvv_result\":
        null,\n      \"brand\": \"Visa\",\n      \"number\": \"xxxxxxxxxxxx1111\",\n
        \     \"updated_at\": \"2014-02-22T04:43:12.436577Z\",\n      \"id\": \"CC6vKbVV1DHB3taxyoWcwTLi\",\n
        \     \"expiration_month\": 10,\n      \"cvv\": null,\n      \"meta\": {\n
        \       \"region\": \"Confusion\",\n        \"city_town\": \"\",\n        \"address_2\":
        \"Box 2\"\n      },\n      \"href\": \"/cards/CC6vKbVV1DHB3taxyoWcwTLi\",\n
        \     \"address\": {\n        \"city\": \"Balo Alto\",\n        \"line2\":
        null,\n        \"line1\": \"123 Main Street\",\n        \"state\": null,\n
        \       \"postal_code\": \"90210\",\n        \"country_code\": null\n      },\n
        \     \"fingerprint\": \"8c7f0423365af88c3e36cf02746eca64fdcf36ddc2e1f398c7ec9f3ffd05a267\",\n
        \     \"avs_postal_match\": \"no\",\n      \"avs_result\": \"Street address
        and postal code do not match.\"\n    }\n  ],\n  \"links\": {\n    \"cards.card_holds\":
        \"/cards/{cards.id}/card_holds\",\n    \"cards.customer\": \"/customers/{cards.customer}\",\n
        \   \"cards.debits\": \"/cards/{cards.id}/debits\"\n  }\n}"}
    headers: ["access-control-allow-headers: Content-Type\r\n", "access-control-allow-methods:
        POST, OPTIONS\r\n", "access-control-allow-origin: *\r\n", "Content-Type: application/json\r\n",
      "Date: Sat, 22 Feb 2014 04:43:12 GMT\r\n", "Server: ngx_openresty/1.2.6.3\r\n",
      "X-Balanced-Guru: OHMd586d6089b7b11e3836102a1fe53e539\r\n", "x-balanced-host:
        balanced-api-02\r\n", "x-balanced-marketplace: TEST-MP7zVkkuMsGEYQ7c2xl58Qqe\r\n",
      "x-balanced-merchant: TEST-MR7dsEuTLyOFVcn7X5mhyEC6\r\n", "x-balanced-revision:
        1.1\r\n", "x-balanced-software-build: f760e54ed83b2df2c9ef3a8dc3b60c5a70831d3f\r\n",
      "X-Midlr-Version: 2\r\n", "x-newrelic-app-data: PxQFWFNXCQYTVVhWAwQDVUYdFhE1AwE2QgNWEVlbQFtcCxYxSBVbDQoZVA4IF0pcXAgEEBhSVhQAQhhQEAMCFlVAFEIIFBQCHV0NWAlZA1tXBQBXV1YBBQdIQVEACRtGRggBBwBWUVcBAFpbW10EBFdHFUFXAF8RAWs=\r\n",
      "Content-Length: 1216\r\n", "Connection: keep-alive\r\n"]
    status: {code: 201, message: CREATED}
- request: !!python/object:vcr.request.Request
    body: '{"routing_number": "121042882", "account_number": "112233a", "name": "Homer
      Jay"}'
    headers: !!python/object/apply:__builtin__.frozenset
    - - !!python/tuple [User-Agent, !!python/unicode balanced-python/1.0.1beta3]
      - !!python/tuple [Authorization, !!python/unicode Basic YWstdGVzdC0xR0FiT0Q1Tk5kOTcwVXl6elVxQXJ4Tnk0VHlMSDE1SW06Tm9uZQ==]
      - !!python/tuple [Content-Type, !!python/unicode application/json]
      - !!python/tuple [Accept-Encoding, 'gzip, deflate, compress']
      - !!python/tuple [accept, !!python/unicode application/vnd.api+json;revision=1.1]
      - !!python/tuple [Content-Length, !!python/unicode 81]
    host: api.balancedpayments.com
    method: POST
    path: /bank_accounts
    port: 443
    protocol: https
  response:
    body: {string: "{\n  \"bank_accounts\": [\n    {\n      \"routing_number\": \"121042882\",\n
        \     \"bank_name\": \"WELLS FARGO BANK NA\",\n      \"account_type\": \"checking\",\n
        \     \"name\": \"Homer Jay\",\n      \"links\": {\n        \"customer\":
        null,\n        \"bank_account_verification\": null\n      },\n      \"can_credit\":
        true,\n      \"created_at\": \"2014-02-22T04:43:13.233477Z\",\n      \"fingerprint\":
        \"dac6514d9dd3a1cd7ac925d5749e0308c2c65fa27c506aefb0c9b21611ff9969\",\n      \"updated_at\":
        \"2014-02-22T04:43:13.233481Z\",\n      \"href\": \"/bank_accounts/BA6wE6oT5k0zQbW1CDPZWePS\",\n
        \     \"meta\": {},\n      \"account_number\": \"xxx233a\",\n      \"address\":
        {\n        \"city\": null,\n        \"line2\": null,\n        \"line1\": null,\n
        \       \"state\": null,\n        \"postal_code\": null,\n        \"country_code\":
        null\n      },\n      \"can_debit\": false,\n      \"id\": \"BA6wE6oT5k0zQbW1CDPZWePS\"\n
        \   }\n  ],\n  \"links\": {\n    \"bank_accounts.credits\": \"/bank_accounts/{bank_accounts.id}/credits\",\n
        \   \"bank_accounts.bank_account_verifications\": \"/bank_accounts/{bank_accounts.id}/verifications\",\n
        \   \"bank_accounts.customer\": \"/customers/{bank_accounts.customer}\",\n
        \   \"bank_accounts.debits\": \"/bank_accounts/{bank_accounts.id}/debits\",\n
        \   \"bank_accounts.bank_account_verification\": \"/verifications/{bank_accounts.bank_account_verification}\"\n
        \ }\n}"}
    headers: ["access-control-allow-headers: Content-Type\r\n", "access-control-allow-methods:
        POST, OPTIONS\r\n", "access-control-allow-origin: *\r\n", "Content-Type: application/json\r\n",
      "Date: Sat, 22 Feb 2014 04:43:13 GMT\r\n", "Server: ngx_openresty/1.2.6.3\r\n",
      "X-Balanced-Guru: OHMd627ab149b7b11e39a7302a1fe53e539\r\n", "x-balanced-host:
        balanced-api-01\r\n", "x-balanced-marketplace: TEST-MP7zVkkuMsGEYQ7c2xl58Qqe\r\n",
      "x-balanced-merchant: TEST-MR7dsEuTLyOFVcn7X5mhyEC6\r\n", "x-balanced-revision:
        1.1\r\n", "x-balanced-software-build: f760e54ed83b2df2c9ef3a8dc3b60c5a70831d3f\r\n",
      "X-Midlr-Version: 2\r\n", "x-newrelic-app-data: PxQFWFNXCQYTVVhWAwQDVUYdFhE1AwE2QgNWEVlbQFtcCxYxSBVbDQoZVA4IF0pcXAgEEBhTVggPbldQAQkWDEQRFgFKXVVGVkcVQQFNE1JKAAZQUVcOAwdWVlQOAAFTSBEHC1pKQ0BUUABUCwsHCgEADQNVAAYBRhoXBwcPS1Zt\r\n",
      "Content-Length: 1281\r\n", "Connection: keep-alive\r\n"]
    status: {code: 201, message: CREATED}
- request: !!python/object:vcr.request.Request
    body: '{}'
    headers: !!python/object/apply:__builtin__.frozenset
    - - !!python/tuple [User-Agent, !!python/unicode balanced-python/1.0.1beta3]
      - !!python/tuple [Content-Length, !!python/unicode 2]
      - !!python/tuple [Authorization, !!python/unicode Basic YWstdGVzdC0xR0FiT0Q1Tk5kOTcwVXl6elVxQXJ4Tnk0VHlMSDE1SW06Tm9uZQ==]
      - !!python/tuple [Content-Type, !!python/unicode application/json]
      - !!python/tuple [Accept-Encoding, 'gzip, deflate, compress']
      - !!python/tuple [accept, !!python/unicode application/vnd.api+json;revision=1.1]
    host: api.balancedpayments.com
    method: POST
    path: /customers
    port: 443
    protocol: https
  response:
    body: {string: "{\n  \"customers\": [\n    {\n      \"name\": null,\n      \"links\":
        {\n        \"source\": null,\n        \"destination\": null\n      },\n      \"updated_at\":
        \"2014-02-22T04:43:13.760140Z\",\n      \"created_at\": \"2014-02-22T04:43:13.531670Z\",\n
        \     \"dob_month\": null,\n      \"id\": \"CU6wZb5VbJ7HMhMrQzRkTOSy\",\n
        \     \"phone\": null,\n      \"href\": \"/customers/CU6wZb5VbJ7HMhMrQzRkTOSy\",\n
        \     \"merchant_status\": \"no-match\",\n      \"meta\": {},\n      \"dob_year\":
        null,\n      \"address\": {\n        \"city\": null,\n        \"line2\": null,\n
        \       \"line1\": null,\n        \"state\": null,\n        \"postal_code\":
        null,\n        \"country_code\": null\n      },\n      \"business_name\":
        null,\n      \"ssn_last4\": null,\n      \"email\": null,\n      \"ein\":
        null\n    }\n  ],\n  \"links\": {\n    \"customers.source\": \"/resources/{customers.source}\",\n
        \   \"customers.card_holds\": \"/customers/{customers.id}/card_holds\",\n
        \   \"customers.bank_accounts\": \"/customers/{customers.id}/bank_accounts\",\n
        \   \"customers.debits\": \"/customers/{customers.id}/debits\",\n    \"customers.destination\":
        \"/resources/{customers.destination}\",\n    \"customers.external_accounts\":
        \"/customers/{customers.id}/external_accounts\",\n    \"customers.cards\":
        \"/customers/{customers.id}/cards\",\n    \"customers.transactions\": \"/customers/{customers.id}/transactions\",\n
        \   \"customers.refunds\": \"/customers/{customers.id}/refunds\",\n    \"customers.reversals\":
        \"/customers/{customers.id}/reversals\",\n    \"customers.orders\": \"/customers/{customers.id}/orders\",\n
        \   \"customers.credits\": \"/customers/{customers.id}/credits\"\n  }\n}"}
    headers: ["Content-Type: application/json\r\n", "Date: Sat, 22 Feb 2014 04:43:13
        GMT\r\n", "Server: ngx_openresty/1.2.6.3\r\n", "X-Balanced-Guru: OHMd699b4fc9b7b11e3ba1302a1fe53e539\r\n",
      "x-balanced-host: balanced-api-04\r\n", "x-balanced-marketplace: TEST-MP7zVkkuMsGEYQ7c2xl58Qqe\r\n",
      "x-balanced-merchant: TEST-MR7dsEuTLyOFVcn7X5mhyEC6\r\n", "x-balanced-revision:
        1.1\r\n", "x-balanced-software-build: f760e54ed83b2df2c9ef3a8dc3b60c5a70831d3f\r\n",
      "X-Midlr-Version: 2\r\n", "x-newrelic-app-data: PxQFWFNXCQYTVVhWAwQDVUYdFhE1AwE2QgNWEVlbQFtcCxYxSBVbDQoZVA4IF0pcXAgEEBhSQhUQXltWEBVNAUIHWRZdGhgSA0kZUR9VBVFcBAFZX1cPBQBVUlMPBRtGVh0WEQMEUgAGAA4EXg0EB1VQAAcTTRMEBVpEBDs=\r\n",
      "Content-Length: 1529\r\n", "Connection: keep-alive\r\n"]
    status: {code: 201, message: CREATED}
- request: !!python/object:vcr.request.Request
    body: '{"expiration_month": 10, "meta": {"region": "Confusion", "city_town": "",
      "address_2": "Box 2"}, "number": "4111111111111111", "expiration_year": 2020,
      "address": {"state": "Confusion", "postal_code": "90210", "line1": "123 Main
      Street"}}'
    headers: !!python/object/apply:__builtin__.frozenset
    - - !!python/tuple [User-Agent, !!python/unicode balanced-python/1.0.1beta3]
      - !!python/tuple [Content-Length, !!python/unicode 238]
      - !!python/tuple [Authorization, !!python/unicode Basic YWstdGVzdC0xR0FiT0Q1Tk5kOTcwVXl6elVxQXJ4Tnk0VHlMSDE1SW06Tm9uZQ==]
      - !!python/tuple [Content-Type, !!python/unicode application/json]
      - !!python/tuple [Accept-Encoding, 'gzip, deflate, compress']
      - !!python/tuple [accept, !!python/unicode application/vnd.api+json;revision=1.1]
    host: api.balancedpayments.com
    method: POST
    path: /cards
    port: 443
    protocol: https
  response:
    body: {string: "{\n  \"cards\": [\n    {\n      \"cvv_match\": null,\n      \"links\":
        {\n        \"customer\": null\n      },\n      \"name\": null,\n      \"expiration_year\":
        2020,\n      \"avs_street_match\": \"yes\",\n      \"is_verified\": true,\n
        \     \"created_at\": \"2014-02-22T04:43:14.714781Z\",\n      \"cvv_result\":
        null,\n      \"brand\": \"Visa\",\n      \"number\": \"xxxxxxxxxxxx1111\",\n
        \     \"updated_at\": \"2014-02-22T04:43:14.714785Z\",\n      \"id\": \"CC6yjtkfCv3TfxYRO9TbE3oK\",\n
        \     \"expiration_month\": 10,\n      \"cvv\": null,\n      \"meta\": {\n
        \       \"region\": \"Confusion\",\n        \"city_town\": \"\",\n        \"address_2\":
        \"Box 2\"\n      },\n      \"href\": \"/cards/CC6yjtkfCv3TfxYRO9TbE3oK\",\n
        \     \"address\": {\n        \"city\": \"Balo Alto\",\n        \"line2\":
        null,\n        \"line1\": \"123 Main Street\",\n        \"state\": null,\n
        \       \"postal_code\": \"90210\",\n        \"country_code\": null\n      },\n
        \     \"fingerprint\": \"8c7f0423365af88c3e36cf02746eca64fdcf36ddc2e1f398c7ec9f3ffd05a267\",\n
        \     \"avs_postal_match\": \"no\",\n      \"avs_result\": \"Street address
        and postal code do not match.\"\n    }\n  ],\n  \"links\": {\n    \"cards.card_holds\":
        \"/cards/{cards.id}/card_holds\",\n    \"cards.customer\": \"/customers/{cards.customer}\",\n
        \   \"cards.debits\": \"/cards/{cards.id}/debits\"\n  }\n}"}
    headers: ["access-control-allow-headers: Content-Type\r\n", "access-control-allow-methods:
        POST, OPTIONS\r\n", "access-control-allow-origin: *\r\n", "Content-Type: application/json\r\n",
      "Date: Sat, 22 Feb 2014 04:43:14 GMT\r\n", "Server: ngx_openresty/1.2.6.3\r\n",
      "X-Balanced-Guru: OHMd6f44d0e9b7b11e3836102a1fe53e539\r\n", "x-balanced-host:
        balanced-api-05\r\n", "x-balanced-marketplace: TEST-MP7zVkkuMsGEYQ7c2xl58Qqe\r\n",
      "x-balanced-merchant: TEST-MR7dsEuTLyOFVcn7X5mhyEC6\r\n", "x-balanced-revision:
        1.1\r\n", "x-balanced-software-build: f760e54ed83b2df2c9ef3a8dc3b60c5a70831d3f\r\n",
      "X-Midlr-Version: 2\r\n", "x-newrelic-app-data: PxQFWFNXCQYTVVhWAwQDVUYdFhE1AwE2QgNWEVlbQFtcCxYxSBVbDQoZVA4IF0pcXAgEEBhSVhQAQhhQEAMCFlVAFEIIFBQCHVIJVwJTAltRAgBTUVIPAQlIQVEACRtGRlABBFYCAQMEUA8HAA4HCgFHFUFXAF8RAWs=\r\n",
      "Content-Length: 1216\r\n", "Connection: keep-alive\r\n"]
    status: {code: 201, message: CREATED}
- request: !!python/object:vcr.request.Request
    body: '{"routing_number": "121042882", "account_number": "112233a", "name": "Homer
      Jay"}'
    headers: !!python/object/apply:__builtin__.frozenset
    - - !!python/tuple [User-Agent, !!python/unicode balanced-python/1.0.1beta3]
      - !!python/tuple [Authorization, !!python/unicode Basic YWstdGVzdC0xR0FiT0Q1Tk5kOTcwVXl6elVxQXJ4Tnk0VHlMSDE1SW06Tm9uZQ==]
      - !!python/tuple [Content-Type, !!python/unicode application/json]
      - !!python/tuple [Accept-Encoding, 'gzip, deflate, compress']
      - !!python/tuple [accept, !!python/unicode application/vnd.api+json;revision=1.1]
      - !!python/tuple [Content-Length, !!python/unicode 81]
    host: api.balancedpayments.com
    method: POST
    path: /bank_accounts
    port: 443
    protocol: https
  response:
    body: {string: "{\n  \"bank_accounts\": [\n    {\n      \"routing_number\": \"121042882\",\n
        \     \"bank_name\": \"WELLS FARGO BANK NA\",\n      \"account_type\": \"checking\",\n
        \     \"name\": \"Homer Jay\",\n      \"links\": {\n        \"customer\":
        null,\n        \"bank_account_verification\": null\n      },\n      \"can_credit\":
        true,\n      \"created_at\": \"2014-02-22T04:43:15.350726Z\",\n      \"fingerprint\":
        \"dac6514d9dd3a1cd7ac925d5749e0308c2c65fa27c506aefb0c9b21611ff9969\",\n      \"updated_at\":
        \"2014-02-22T04:43:15.350731Z\",\n      \"href\": \"/bank_accounts/BA6z1OBuPK3jmCtKCNKMmliC\",\n
        \     \"meta\": {},\n      \"account_number\": \"xxx233a\",\n      \"address\":
        {\n        \"city\": null,\n        \"line2\": null,\n        \"line1\": null,\n
        \       \"state\": null,\n        \"postal_code\": null,\n        \"country_code\":
        null\n      },\n      \"can_debit\": false,\n      \"id\": \"BA6z1OBuPK3jmCtKCNKMmliC\"\n
        \   }\n  ],\n  \"links\": {\n    \"bank_accounts.credits\": \"/bank_accounts/{bank_accounts.id}/credits\",\n
        \   \"bank_accounts.bank_account_verifications\": \"/bank_accounts/{bank_accounts.id}/verifications\",\n
        \   \"bank_accounts.customer\": \"/customers/{bank_accounts.customer}\",\n
        \   \"bank_accounts.debits\": \"/bank_accounts/{bank_accounts.id}/debits\",\n
        \   \"bank_accounts.bank_account_verification\": \"/verifications/{bank_accounts.bank_account_verification}\"\n
        \ }\n}"}
    headers: ["access-control-allow-headers: Content-Type\r\n", "access-control-allow-methods:
        POST, OPTIONS\r\n", "access-control-allow-origin: *\r\n", "Content-Type: application/json\r\n",
      "Date: Sat, 22 Feb 2014 04:43:15 GMT\r\n", "Server: ngx_openresty/1.2.6.3\r\n",
      "X-Balanced-Guru: OHMd774fec29b7b11e38f3a02a1fe53e539\r\n", "x-balanced-host:
        balanced-api-04\r\n", "x-balanced-marketplace: TEST-MP7zVkkuMsGEYQ7c2xl58Qqe\r\n",
      "x-balanced-merchant: TEST-MR7dsEuTLyOFVcn7X5mhyEC6\r\n", "x-balanced-revision:
        1.1\r\n", "x-balanced-software-build: f760e54ed83b2df2c9ef3a8dc3b60c5a70831d3f\r\n",
      "X-Midlr-Version: 2\r\n", "x-newrelic-app-data: PxQFWFNXCQYTVVhWAwQDVUYdFhE1AwE2QgNWEVlbQFtcCxYxSBVbDQoZVA4IF0pcXAgEEBhTVggPbldQAQkWDEQRFgFKXVVGVkcVQQFNE1JKAg5YVVcAAgZXV1IDBgRQVwIaE1NeW04QQApbXgFSBgFTWwNVBQoEUFcVTUYFWV9DATw=\r\n",
      "Content-Length: 1281\r\n", "Connection: keep-alive\r\n"]
    status: {code: 201, message: CREATED}
